Microchip MPLAB XC8 Compiler V2.46

Linker command line:

-W-3 \
  --edf=C:\Program Files\Microchip\xc8\v2.46\pic\dat\20240104201356_en.msgs \
  -cn -h+dist/default/debug\medical_Monitor.X.debug.sym \
  --cmf=dist/default/debug\medical_Monitor.X.debug.cmf -z -Q18F46K20 \
  -oC:\Users\moham\AppData\Local\Temp\xcAs5g.\driver_tmp_3.o \
  --defsym=__MPLAB_BUILD=1 --fixupoverflow=error \
  -Mdist/default/debug/medical_Monitor.X.debug.map \
  --md=C:\Users\moham\AppData\Local\Temp\xcAs5g.\driver_tmp_0.dat -E1 \
  -ver=XC8 Compiler --acfsm=1493 -ACODE=00h-0FFFFh -ACONST=00h-0FFFFh \
  -ASMALLCONST=01000h-010FFhx240 -AMEDIUMCONST=01000h-0FFFFh \
  -ACOMRAM=01h-05Fh -AABS1=00h-0F5Fh -ABIGRAM=01h-0F5Fh \
  -ARAM=060h-0FFh,0100h-01FFhx14,0F00h-0F5Fh -ABANK0=060h-0FFh \
  -ABANK1=0100h-01FFh -ABANK2=0200h-02FFh -ABANK3=0300h-03FFh \
  -ABANK4=0400h-04FFh -ABANK5=0500h-05FFh -ABANK6=0600h-06FFh \
  -ABANK7=0700h-07FFh -ABANK8=0800h-08FFh -ABANK9=0900h-09FFh \
  -ABANK10=0A00h-0AFFh -ABANK11=0B00h-0BFFh -ABANK12=0C00h-0CFFh \
  -ABANK13=0D00h-0DFFh -ABANK14=0E00h-0EFFh -ABANK15=0F00h-0F5Fh \
  -ASFR=0F60h-0FFFh -ABIGSFR=0F60h-0FFFh -ACONFIG=0300000h-030000Dh \
  -AIDLOC=0200000h-0200007h -AEEDATA=0F00000h-0F003FFh -peeprom_data=EEDATA \
  -preset_vec=00h,intcode,sivt_hi,intcodelo,sivt_lo,powerup,init \
  -pramtop=01000h -psmallconst=SMALLCONST -pmediumconst=MEDIUMCONST \
  -pconst=CONST -AFARRAM=00h-00h \
  -prdata=COMRAM,nvrram=COMRAM,nvbit=COMRAM,rbss=COMRAM,rbit=COMRAM \
  -pfarbss=FARRAM,fardata=FARRAM,nvFARRAM=FARRAM \
  -pintsave_regs=BIGRAM,bigbss=BIGRAM,bigdata=BIGRAM -pbss=RAM \
  -pidata=CODE,irdata=CODE,ibigdata=CODE,ifardata=CODE -prparam=COMRAM \
  C:\Users\moham\AppData\Local\Temp\xcAs5g.\driver_tmp_9.o \
  dist/default/debug\medical_Monitor.X.debug.o 

Object code version is 3.11

Machine type is 18F46K20



                Name                               Link     Load   Length Selector   Space Scale
C:\Users\moham\AppData\Local\Temp\xcAs5g.\driver_tmp_9.o
                config                           300000   300000        E        0       4
                init                                  0        0        4        0       0
dist/default/debug\medical_Monitor.X.debug.o
                config                           300000   300000        E        0       4
                smallconst                         1000     1000       10      800       0
                text19                             11C6     11C6       16      808       0
                text18                             117C     117C       1A      808       0
                text17                             1116     1116       28      808       0
                text16                             11DC     11DC       14      808       0
                text15                             113E     113E       22      808       0
                text14                             121E     121E        E      808       0
                text13                             11AE     11AE       18      808       0
                text12                             1010     1010       6C      808       0
                text11                             1210     1210        E      808       0
                text10                             107C     107C       38      808       0
                text9                              1202     1202        E      808       0
                text8                              1196     1196       18      808       0
                text7                              124A     124A        A      808       0
                text6                              1240     1240        A      808       0
                text5                              1236     1236        A      808       0
                text4                              122C     122C        A      808       0
                text3                              10B4     10B4       34      808       0
                text2                              10E8     10E8       2E      808       0
                text1                              11F0     11F0       12      808       0
                text0                              1160     1160       1C      808       0
                cstackCOMRAM                          1        1        B        1       1
                cinit                              1254     1254        6      808       0
                nvCOMRAM                              C        C        6        1       1

TOTAL           Name                               Link     Load   Length     Space
        CLASS   CODE           
                init                                  0        0        4         0
                text19                             11C6     11C6       16         0
                text18                             117C     117C       1A         0
                text17                             1116     1116       28         0
                text16                             11DC     11DC       14         0
                text15                             113E     113E       22         0
                text14                             121E     121E        E         0
                text13                             11AE     11AE       18         0
                text12                             1010     1010       6C         0
                text11                             1210     1210        E         0
                text10                             107C     107C       38         0
                text9                              1202     1202        E         0
                text8                              1196     1196       18         0
                text7                              124A     124A        A         0
                text6                              1240     1240        A         0
                text5                              1236     1236        A         0
                text4                              122C     122C        A         0
                text3                              10B4     10B4       34         0
                text2                              10E8     10E8       2E         0
                text1                              11F0     11F0       12         0
                text0                              1160     1160       1C         0
                cinit                              1254     1254        6         0

        CLASS   CONST          

        CLASS   SMALLCONST     
                smallconst                         1000     1000       10         0

        CLASS   MEDIUMCONST    

        CLASS   COMRAM         
                cstackCOMRAM                          1        1        B         1
                nvCOMRAM                              C        C        6         1

        CLASS   ABS1           

        CLASS   BIGRAM         

        CLASS   RAM            

        CLASS   BANK0          

        CLASS   BANK1          

        CLASS   BANK2          

        CLASS   BANK3          

        CLASS   BANK4          

        CLASS   BANK5          

        CLASS   BANK6          

        CLASS   BANK7          

        CLASS   BANK8          

        CLASS   BANK9          

        CLASS   BANK10         

        CLASS   BANK11         

        CLASS   BANK12         

        CLASS   BANK13         

        CLASS   BANK14         

        CLASS   BANK15         

        CLASS   SFR            

        CLASS   BIGSFR         

        CLASS   CONFIG         
                config                           300000   300000        E         4

        CLASS   IDLOC          

        CLASS   EEDATA         

        CLASS   FARRAM         

        CLASS   HEAP           

        CLASS   STACK          



SEGMENTS        Name                           Load    Length   Top    Selector   Space  Class

                reset_vec                      000000  000004  000004         0       0  CODE    
                cstackCOMRAM                   000001  000011  000012         1       1  COMRAM  
                smallconst                     001000  000010  001010       800       0  SMALLCON
                text12                         001010  00024A  00125A       808       0  CODE    


UNUSED ADDRESS RANGES

        Name                Unused          Largest block    Delta
        BANK0            000060-0000FF               A0
        BANK1            000100-0001FF              100
        BANK10           000A00-000AFF              100
        BANK11           000B00-000BFF              100
        BANK12           000C00-000CFF              100
        BANK13           000D00-000DFF              100
        BANK14           000E00-000EFF              100
        BANK15           000F00-000F5F               60
        BANK2            000200-0002FF              100
        BANK3            000300-0003FF              100
        BANK4            000400-0004FF              100
        BANK5            000500-0005FF              100
        BANK6            000600-0006FF              100
        BANK7            000700-0007FF              100
        BANK8            000800-0008FF              100
        BANK9            000900-0009FF              100
        BIGRAM           000012-000F5F              F4E
        BIGSFR           000F60-000FFF               A0
        CODE             000004-000FFF              FFC
                         00125A-00FFFF             EDA6
        COMRAM           000012-00005F               4E
        CONST            000004-000FFF              FFC
                         00125A-00FFFF             EDA6
        EEDATA           F00000-F003FF              400
        IDLOC            200000-200007                8
        MEDIUMCONST      00125A-00FFFF             EDA6
        RAM              000060-000F5F              100
        SFR              000F60-000FFF               A0
        SMALLCONST       00125A-00FFFF              100

                                  Symbol Table

INT0_SetInterruptHandler@InterruptHandler cstackCOMRAM 000001
INT1_SetInterruptHandler@InterruptHandler cstackCOMRAM 000001
INT2_SetInterruptHandler@InterruptHandler cstackCOMRAM 000001
LCD_Command@cmd                           cstackCOMRAM 00000A
LCD_PulseEnable@data                      cstackCOMRAM 000004
LCD_Send@data                             cstackCOMRAM 000009
LCD_Send@high_nibble                      cstackCOMRAM 000007
LCD_Send@low_nibble                       cstackCOMRAM 000008
LCD_Send@mode                             cstackCOMRAM 000006
LCD_Write4Bits@data                       cstackCOMRAM 000005
LCD_WriteChar@data                        cstackCOMRAM 00000A
LCD_WriteString@str                       cstackCOMRAM 00000B
MCP23S09_Write@data                       cstackCOMRAM 000002
MCP23S09_Write@reg                        cstackCOMRAM 000003
SPI_Write@data                            cstackCOMRAM 000001
_ADCON0                                   (abs)        000FC2
_ADCON0bits                               (abs)        000FC2
_ADCON1                                   (abs)        000FC1
_ADCON2                                   (abs)        000FC0
_ADC_Initialize                           text8        001196
_ADRESH                                   (abs)        000FC4
_ADRESL                                   (abs)        000FC3
_ANSELH                                   (abs)        000F7F
_CLOCK_Initialize                         text7        00124A
_INT0_DefaultInterruptHandler             (abs)        000000
_INT0_InterruptHandler                    nvCOMRAM     000010
_INT0_SetInterruptHandler                 text6        001240
_INT1_DefaultInterruptHandler             (abs)        000000
_INT1_InterruptHandler                    nvCOMRAM     00000E
_INT1_SetInterruptHandler                 text5        001236
_INT2_DefaultInterruptHandler             (abs)        000000
_INT2_InterruptHandler                    nvCOMRAM     00000C
_INT2_SetInterruptHandler                 text4        00122C
_INTCON2bits                              (abs)        000FF1
_INTCON3bits                              (abs)        000FF0
_INTCONbits                               (abs)        000FF2
_INTERRUPT_Initialize                     text3        0010B4
_IOCB                                     (abs)        000F7D
_LATA                                     (abs)        000F89
_LATB                                     (abs)        000F8A
_LATC                                     (abs)        000F8B
_LATD                                     (abs)        000F8C
_LATDbits                                 (abs)        000F8C
_LATE                                     (abs)        000F8D
_LCD_Command                              text14       00121E
_LCD_Init                                 text12       001010
_LCD_PulseEnable                          text17       001116
_LCD_Send                                 text15       00113E
_LCD_Write4Bits                           text16       0011DC
_LCD_WriteChar                            text11       001210
_LCD_WriteString                          text10       00107C
_MCP23S09_Init                            text13       0011AE
_MCP23S09_Write                           text18       00117C
_OSCCON                                   (abs)        000FD3
_OSCTUNE                                  (abs)        000F9B
_PIN_MANAGER_Initialize                   text2        0010E8
_PIR1bits                                 (abs)        000F9E
_RCONbits                                 (abs)        000FD0
_SPI_Init                                 text9        001202
_SPI_Write                                text19       0011C6
_SSPBUF                                   (abs)        000FC9
_SSPCON1                                  (abs)        000FC6
_SSPSTAT                                  (abs)        000FC7
_SSPSTATbits                              (abs)        000FC7
_SYSTEM_Initialize                        text1        0011F0
_TRISA                                    (abs)        000F92
_TRISB                                    (abs)        000F93
_TRISC                                    (abs)        000F94
_TRISCbits                                (abs)        000F94
_TRISD                                    (abs)        000F95
_TRISDbits                                (abs)        000F95
_TRISE                                    (abs)        000F96
_WPUB                                     (abs)        000F7C
__HRAM                                    (abs)        000000
__H__absolute__                           __absolute__ 000000
__Habs1                                   abs1         000000
__Hbank0                                  bank0        000000
__Hbank1                                  bank1        000000
__Hbank10                                 bank10       000000
__Hbank11                                 bank11       000000
__Hbank12                                 bank12       000000
__Hbank13                                 bank13       000000
__Hbank14                                 bank14       000000
__Hbank15                                 bank15       000000
__Hbank2                                  bank2        000000
__Hbank3                                  bank3        000000
__Hbank4                                  bank4        000000
__Hbank5                                  bank5        000000
__Hbank6                                  bank6        000000
__Hbank7                                  bank7        000000
__Hbank8                                  bank8        000000
__Hbank9                                  bank9        000000
__Hbigbss                                 bigbss       000000
__Hbigdata                                bigdata      000000
__Hbigram                                 bigram       000000
__Hbigsfr                                 bigsfr       000000
__Hbss                                    bss          000000
__Hcinit                                  cinit        000000
__Hclrtext                                clrtext      000000
__Hcomram                                 comram       000000
__Hconfig                                 config       30000E
__Hconst                                  const        000000
__HcstackCOMRAM                           cstackCOMRAM 000000
__Hdata                                   data         000000
__Heeprom_data                            eeprom_data  000000
__Hfarbss                                 farbss       000000
__Hfardata                                fardata      000000
__Hheap                                   heap         000000
__Hibigdata                               ibigdata     000000
__Hidata                                  idata        000000
__Hidloc                                  idloc        000000
__Hifardata                               ifardata     000000
__Hinit                                   init         000004
__Hintcode                                intcode      000000
__Hintcode_body                           intcode_body 000000
__Hintcodelo                              intcodelo    000000
__Hintentry                               intentry     000000
__Hintret                                 intret       000000
__Hintsave_regs                           intsave_regs 000000
__Hirdata                                 irdata       000000
__Hmediumconst                            mediumconst  000000
__HnvCOMRAM                               nvCOMRAM     000000
__HnvFARRAM                               nvFARRAM     000000
__Hnvbit                                  nvbit        000000
__Hnvrram                                 nvrram       000000
__Hparam                                  rparam       000000
__Hpowerup                                powerup      000000
__Hram                                    ram          000000
__Hramtop                                 ramtop       001000
__Hrbit                                   rbit         000000
__Hrbss                                   rbss         000000
__Hrdata                                  rdata        000000
__Hreset_vec                              reset_vec    000000
__Hrparam                                 rparam       000000
__Hsfr                                    sfr          000000
__Hsivt_hi                                sivt_hi      000000
__Hsivt_lo                                sivt_lo      000000
__Hsmallconst                             smallconst   001010
__Hspace_0                                (abs)        00125A
__Hspace_1                                (abs)        000012
__Hspace_2                                (abs)        000000
__Hspace_4                                (abs)        60000E
__Hstack                                  stack        000000
__Hstruct                                 struct       000000
__Htemp                                   temp         000000
__Htext                                   text         000000
__Htext0                                  text0        000000
__Htext1                                  text1        000000
__Htext10                                 text10       000000
__Htext11                                 text11       000000
__Htext12                                 text12       000000
__Htext13                                 text13       000000
__Htext14                                 text14       000000
__Htext15                                 text15       000000
__Htext16                                 text16       000000
__Htext17                                 text17       000000
__Htext18                                 text18       000000
__Htext19                                 text19       000000
__Htext2                                  text2        000000
__Htext3                                  text3        000000
__Htext4                                  text4        000000
__Htext5                                  text5        000000
__Htext6                                  text6        000000
__Htext7                                  text7        000000
__Htext8                                  text8        000000
__Htext9                                  text9        000000
__LRAM                                    (abs)        000001
__L__absolute__                           __absolute__ 000000
__Labs1                                   abs1         000000
__Lbank0                                  bank0        000000
__Lbank1                                  bank1        000000
__Lbank10                                 bank10       000000
__Lbank11                                 bank11       000000
__Lbank12                                 bank12       000000
__Lbank13                                 bank13       000000
__Lbank14                                 bank14       000000
__Lbank15                                 bank15       000000
__Lbank2                                  bank2        000000
__Lbank3                                  bank3        000000
__Lbank4                                  bank4        000000
__Lbank5                                  bank5        000000
__Lbank6                                  bank6        000000
__Lbank7                                  bank7        000000
__Lbank8                                  bank8        000000
__Lbank9                                  bank9        000000
__Lbigbss                                 bigbss       000000
__Lbigdata                                bigdata      000000
__Lbigram                                 bigram       000000
__Lbigsfr                                 bigsfr       000000
__Lbss                                    bss          000000
__Lcinit                                  cinit        000000
__Lclrtext                                clrtext      000000
__Lcomram                                 comram       000000
__Lconfig                                 config       000000
__Lconst                                  const        000000
__LcstackCOMRAM                           cstackCOMRAM 000000
__Ldata                                   data         000000
__Leeprom_data                            eeprom_data  000000
__Lfarbss                                 farbss       000000
__Lfardata                                fardata      000000
__Lheap                                   heap         000000
__Libigdata                               ibigdata     000000
__Lidata                                  idata        000000
__Lidloc                                  idloc        000000
__Lifardata                               ifardata     000000
__Linit                                   init         000000
__Lintcode                                intcode      000000
__Lintcode_body                           intcode_body 000000
__Lintcodelo                              intcodelo    000000
__Lintentry                               intentry     000000
__Lintret                                 intret       000000
__Lintsave_regs                           intsave_regs 000000
__Lirdata                                 irdata       000000
__Lmediumconst                            mediumconst  000000
__LnvCOMRAM                               nvCOMRAM     000000
__LnvFARRAM                               nvFARRAM     000000
__Lnvbit                                  nvbit        000000
__Lnvrram                                 nvrram       000000
__Lparam                                  rparam       000000
__Lpowerup                                powerup      000000
__Lram                                    ram          000000
__Lramtop                                 ramtop       001000
__Lrbit                                   rbit         000000
__Lrbss                                   rbss         000000
__Lrdata                                  rdata        000000
__Lreset_vec                              reset_vec    000000
__Lrparam                                 rparam       000000
__Lsfr                                    sfr          000000
__Lsivt_hi                                sivt_hi      000000
__Lsivt_lo                                sivt_lo      000000
__Lsmallconst                             smallconst   001000
__Lspace_0                                (abs)        000000
__Lspace_1                                (abs)        000000
__Lspace_2                                (abs)        000000
__Lspace_4                                (abs)        000000
__Lstack                                  stack        000000
__Lstruct                                 struct       000000
__Ltemp                                   temp         000000
__Ltext                                   text         000000
__Ltext0                                  text0        000000
__Ltext1                                  text1        000000
__Ltext10                                 text10       000000
__Ltext11                                 text11       000000
__Ltext12                                 text12       000000
__Ltext13                                 text13       000000
__Ltext14                                 text14       000000
__Ltext15                                 text15       000000
__Ltext16                                 text16       000000
__Ltext17                                 text17       000000
__Ltext18                                 text18       000000
__Ltext19                                 text19       000000
__Ltext2                                  text2        000000
__Ltext3                                  text3        000000
__Ltext4                                  text4        000000
__Ltext5                                  text5        000000
__Ltext6                                  text6        000000
__Ltext7                                  text7        000000
__Ltext8                                  text8        000000
__Ltext9                                  text9        000000
__S0                                      (abs)        00125A
__S1                                      (abs)        000012
__S4                                      (abs)        000000
__S5                                      (abs)        000000
___heap_hi                                (abs)        000000
___heap_lo                                (abs)        000000
___inthi_sp                               stack        000000
___inthi_stack_hi                         stack        000000
___inthi_stack_lo                         stack        000000
___intlo_sp                               stack        000000
___intlo_stack_hi                         stack        000000
___intlo_stack_lo                         stack        000000
___param_bank                             (abs)        000000
___rparam_used                            (abs)        000001
___sp                                     stack        000000
___stack_hi                               stack        000000
___stack_lo                               stack        000000
__accesstop                               (abs)        000060
__activetblptr                            (abs)        000003
__end_of_ADC_Initialize                   text8        0011AE
__end_of_CLOCK_Initialize                 text7        001254
__end_of_INT0_SetInterruptHandler         text6        00124A
__end_of_INT1_SetInterruptHandler         text5        001240
__end_of_INT2_SetInterruptHandler         text4        001236
__end_of_INTERRUPT_Initialize             text3        0010E8
__end_of_LCD_Command                      text14       00122C
__end_of_LCD_Init                         text12       00107C
__end_of_LCD_PulseEnable                  text17       00113E
__end_of_LCD_Send                         text15       001160
__end_of_LCD_Write4Bits                   text16       0011F0
__end_of_LCD_WriteChar                    text11       00121E
__end_of_LCD_WriteString                  text10       0010B4
__end_of_MCP23S09_Init                    text13       0011C6
__end_of_MCP23S09_Write                   text18       001196
__end_of_PIN_MANAGER_Initialize           text2        001116
__end_of_SPI_Init                         text9        001210
__end_of_SPI_Write                        text19       0011DC
__end_of_SYSTEM_Initialize                text1        001202
__end_of__initialization                  cinit        001254
__end_of_main                             text0        00117C
__initialization                          cinit        001254
__mediumconst                             mediumconst  000000
__pcinit                                  cinit        001254
__pcstackCOMRAM                           cstackCOMRAM 000001
__pnvCOMRAM                               nvCOMRAM     00000C
__psmallconst                             smallconst   001000
__ptext0                                  text0        001160
__ptext1                                  text1        0011F0
__ptext10                                 text10       00107C
__ptext11                                 text11       001210
__ptext12                                 text12       001010
__ptext13                                 text13       0011AE
__ptext14                                 text14       00121E
__ptext15                                 text15       00113E
__ptext16                                 text16       0011DC
__ptext17                                 text17       001116
__ptext18                                 text18       00117C
__ptext19                                 text19       0011C6
__ptext2                                  text2        0010E8
__ptext3                                  text3        0010B4
__ptext4                                  text4        00122C
__ptext5                                  text5        001236
__ptext6                                  text6        001240
__ptext7                                  text7        00124A
__ptext8                                  text8        001196
__ptext9                                  text9        001202
__ramtop                                  ramtop       001000
__smallconst                              smallconst   001000
_main                                     text0        001160
end_of_initialization                     cinit        001254
intlevel0                                 text         000000
intlevel1                                 text         000000
intlevel2                                 text         000000
intlevel3                                 text         000000
isa$std                                   (abs)        000001
isa$xinst                                 (abs)        000000
stackhi                                   (abs)        000000
stacklo                                   (abs)        000000
start                                     init         000000
start_initialization                      cinit        001254


MODULE INFORMATION

Module		Function		Class		Link	Load	Size
mcp23s09.c
		_MCP23S09_Init 		CODE           	11AE	0000	24
		_MCP23S09_Write		CODE           	117C	0000	26

mcp23s09.c estimated size: 50

mcc_generated_files/system/src/interrupt.c
		_INT0_SetInterruptHandler		CODE           	1240	0000	10
		_INT1_SetInterruptHandler		CODE           	1236	0000	10
		_INT2_SetInterruptHandler		CODE           	122C	0000	10
		_INTERRUPT_Initialize		CODE           	10B4	0000	52

mcc_generated_files/system/src/interrupt.c estimated size: 82

mcc_generated_files/adc/src/adc.c
		_ADC_Initialize		CODE           	1196	0000	24

mcc_generated_files/adc/src/adc.c estimated size: 24

mcc_generated_files/system/src/pins.c
		_PIN_MANAGER_Initialize		CODE           	10E8	0000	46

mcc_generated_files/system/src/pins.c estimated size: 46

spi.c
		_SPI_Write     		CODE           	11C6	0000	22
		_SPI_Init      		CODE           	1202	0000	14

spi.c estimated size: 36

shared
		__initialization		CODE           	1254	0000	1

shared estimated size: 1

lcd.c
		_LCD_Init      		CODE           	1010	0000	108
		_LCD_Send      		CODE           	113E	0000	34
		_LCD_Write4Bits		CODE           	11DC	0000	20
		_LCD_Command   		CODE           	121E	0000	14
		_LCD_PulseEnable		CODE           	1116	0000	40
		_LCD_WriteString		CODE           	107C	0000	56
		_LCD_WriteChar 		CODE           	1210	0000	14

lcd.c estimated size: 286

mcc_generated_files/system/src/clock.c
		_CLOCK_Initialize		CODE           	124A	0000	10

mcc_generated_files/system/src/clock.c estimated size: 10

main.c
		_main          		CODE           	1160	0000	28

main.c estimated size: 28

mcc_generated_files/system/src/system.c
		_SYSTEM_Initialize		CODE           	11F0	0000	18

mcc_generated_files/system/src/system.c estimated size: 18

