Microchip MPLAB XC8 Compiler V2.46

Linker command line:

-W-3 \
  --edf=C:\Program Files\Microchip\xc8\v2.46\pic\dat\20240104201356_en.msgs \
  -cn -h+dist/default/production\medical_Monitor.X.production.sym \
  --cmf=dist/default/production\medical_Monitor.X.production.cmf -z \
  -Q18F46K20 -oC:\Users\moham\AppData\Local\Temp\xcAsc3o.\driver_tmp_3.o \
  --defsym=__MPLAB_BUILD=1 --fixupoverflow=error \
  -Mdist/default/production/medical_Monitor.X.production.map \
  --md=C:\Users\moham\AppData\Local\Temp\xcAsc3o.\driver_tmp_0.dat -E1 \
  -ver=XC8 Compiler --acfsm=1493 -ACODE=00h-0FFFFh -ACONST=00h-0FFFFh \
  -ASMALLCONST=01000h-010FFhx240 -AMEDIUMCONST=01000h-0FFFFh \
  -ACOMRAM=01h-05Fh -AABS1=00h-0F5Fh -ABIGRAM=01h-0F5Fh \
  -ARAM=060h-0FFh,0100h-01FFhx14,0F00h-0F5Fh -ABANK0=060h-0FFh \
  -ABANK1=0100h-01FFh -ABANK2=0200h-02FFh -ABANK3=0300h-03FFh \
  -ABANK4=0400h-04FFh -ABANK5=0500h-05FFh -ABANK6=0600h-06FFh \
  -ABANK7=0700h-07FFh -ABANK8=0800h-08FFh -ABANK9=0900h-09FFh \
  -ABANK10=0A00h-0AFFh -ABANK11=0B00h-0BFFh -ABANK12=0C00h-0CFFh \
  -ABANK13=0D00h-0DFFh -ABANK14=0E00h-0EFFh -ABANK15=0F00h-0F5Fh \
  -ASFR=0F60h-0FFFh -ABIGSFR=0F60h-0FFFh -ACONFIG=0300000h-030000Dh \
  -AIDLOC=0200000h-0200007h -AEEDATA=0F00000h-0F003FFh -peeprom_data=EEDATA \
  -preset_vec=00h,intcode,sivt_hi,intcodelo,sivt_lo,powerup,init \
  -pramtop=01000h -psmallconst=SMALLCONST -pmediumconst=MEDIUMCONST \
  -pconst=CONST -AFARRAM=00h-00h \
  -prdata=COMRAM,nvrram=COMRAM,nvbit=COMRAM,rbss=COMRAM,rbit=COMRAM \
  -pfarbss=FARRAM,fardata=FARRAM,nvFARRAM=FARRAM \
  -pintsave_regs=BIGRAM,bigbss=BIGRAM,bigdata=BIGRAM -pbss=RAM \
  -pidata=CODE,irdata=CODE,ibigdata=CODE,ifardata=CODE -prparam=COMRAM \
  C:\Users\moham\AppData\Local\Temp\xcAsc3o.\driver_tmp_14.o \
  dist/default/production\medical_Monitor.X.production.o 

Object code version is 3.11

Machine type is 18F46K20



                Name                               Link     Load   Length Selector   Space Scale
C:\Users\moham\AppData\Local\Temp\xcAsc3o.\driver_tmp_14.o
                config                           300000   300000        E        0       4
                init                                  0        0        4        0       0
dist/default/production\medical_Monitor.X.production.o
                config                           300000   300000        E        0       4
                smallconst                         1000     1000       48      800       0
                text31                             20EC     20EC       44      824       0
                text30                             2302     2302       16      824       0
                text29                             22BA     22BA       1A      824       0
                text28                             1F4A     1F4A       70      824       0
                text27                             2318     2318        E      824       0
                text26                             2240     2240       26      824       0
                text25                             1E2E     1E2E       A8      824       0
                text24                             1FBA     1FBA       6C      824       0
                text23                             208A     208A       62      824       0
                text22                             22D4     22D4       18      824       0
                text21                             2344     2344        A      824       0
                text20                             229E     229E       1C      824       0
                text19                             2282     2282       1C      824       0
                text18                             2170     2170       38      824       0
                text17                             233A     233A        A      824       0
                text16                             2330     2330        A      824       0
                text15                             2326     2326        A      824       0
                text14                             21DC     21DC       34      824       0
                text13                             2210     2210       30      824       0
                text12                             22EC     22EC       16      824       0
                text11                             1472     1472      39A      824       0
                text10                             1048     1048      42A      824       0
                text9                              1C7E     1C7E      106      824       0
                text8                              180C     180C      1B4      824       0
                text7                              1ED6     1ED6       74      824       0
                text6                              2026     2026       64      824       0
                text5                              234E     234E        2      824       0
                text4                              1D84     1D84       AA      824       0
                text3                              19C0     19C0      174      824       0
                text2                              2130     2130       40      824       0
                text1                              21A8     21A8       34      824       0
                text0                              1B34     1B34      14A      824       0
                cstackCOMRAM                          1        1       59        1       1
                bssBANK0                             60       60       2C       60       1
                bssCOMRAM                            5A       5A        5        1       1
                cinit                              2266     2266       1C      824       0

TOTAL           Name                               Link     Load   Length     Space
        CLASS   CODE           
                init                                  0        0        4         0
                text31                             20EC     20EC       44         0
                text30                             2302     2302       16         0
                text29                             22BA     22BA       1A         0
                text28                             1F4A     1F4A       70         0
                text27                             2318     2318        E         0
                text26                             2240     2240       26         0
                text25                             1E2E     1E2E       A8         0
                text24                             1FBA     1FBA       6C         0
                text23                             208A     208A       62         0
                text22                             22D4     22D4       18         0
                text21                             2344     2344        A         0
                text20                             229E     229E       1C         0
                text19                             2282     2282       1C         0
                text18                             2170     2170       38         0
                text17                             233A     233A        A         0
                text16                             2330     2330        A         0
                text15                             2326     2326        A         0
                text14                             21DC     21DC       34         0
                text13                             2210     2210       30         0
                text12                             22EC     22EC       16         0
                text11                             1472     1472      39A         0
                text10                             1048     1048      42A         0
                text9                              1C7E     1C7E      106         0
                text8                              180C     180C      1B4         0
                text7                              1ED6     1ED6       74         0
                text6                              2026     2026       64         0
                text5                              234E     234E        2         0
                text4                              1D84     1D84       AA         0
                text3                              19C0     19C0      174         0
                text2                              2130     2130       40         0
                text1                              21A8     21A8       34         0
                text0                              1B34     1B34      14A         0
                cinit                              2266     2266       1C         0

        CLASS   CONST          

        CLASS   SMALLCONST     
                smallconst                         1000     1000       48         0

        CLASS   MEDIUMCONST    

        CLASS   COMRAM         
                cstackCOMRAM                          1        1       59         1
                bssCOMRAM                            5A       5A        5         1

        CLASS   ABS1           

        CLASS   BIGRAM         

        CLASS   RAM            

        CLASS   BANK0          
                bssBANK0                             60       60       2C         1

        CLASS   BANK1          

        CLASS   BANK2          

        CLASS   BANK3          

        CLASS   BANK4          

        CLASS   BANK5          

        CLASS   BANK6          

        CLASS   BANK7          

        CLASS   BANK8          

        CLASS   BANK9          

        CLASS   BANK10         

        CLASS   BANK11         

        CLASS   BANK12         

        CLASS   BANK13         

        CLASS   BANK14         

        CLASS   BANK15         

        CLASS   SFR            

        CLASS   BIGSFR         

        CLASS   CONFIG         
                config                           300000   300000        E         4

        CLASS   IDLOC          

        CLASS   EEDATA         

        CLASS   FARRAM         

        CLASS   HEAP           

        CLASS   STACK          



SEGMENTS        Name                           Load    Length   Top    Selector   Space  Class

                reset_vec                      000000  000004  000004         0       0  CODE    
                cstackCOMRAM                   000001  00005E  00005F         1       1  COMRAM  
                bssBANK0                       000060  00002C  00008C        60       1  BANK0   
                smallconst                     001000  000048  001048       800       0  SMALLCON
                text10                         001048  001308  002350       824       0  CODE    


UNUSED ADDRESS RANGES

        Name                Unused          Largest block    Delta
        BANK0            00008C-0000FF               74
        BANK1            000100-0001FF              100
        BANK10           000A00-000AFF              100
        BANK11           000B00-000BFF              100
        BANK12           000C00-000CFF              100
        BANK13           000D00-000DFF              100
        BANK14           000E00-000EFF              100
        BANK15           000F00-000F5F               60
        BANK2            000200-0002FF              100
        BANK3            000300-0003FF              100
        BANK4            000400-0004FF              100
        BANK5            000500-0005FF              100
        BANK6            000600-0006FF              100
        BANK7            000700-0007FF              100
        BANK8            000800-0008FF              100
        BANK9            000900-0009FF              100
        BIGRAM           00005F-00005F                1
                         00008C-000F5F              ED4
        BIGSFR           000F60-000FFF               A0
        CODE             000004-000FFF              FFC
                         002350-00FFFF             DCB0
        COMRAM           00005F-00005F                1
        CONST            000004-000FFF              FFC
                         002350-00FFFF             DCB0
        EEDATA           F00000-F003FF              400
        IDLOC            200000-200007                8
        MEDIUMCONST      002350-00FFFF             DCB0
        RAM              00008C-000F5F              100
        SFR              000F60-000FFF               A0
        SMALLCONST       002350-00FFFF              100

                                  Symbol Table

?_ADC_GetConversion                                 cstackCOMRAM 000001
?___fldiv                                           cstackCOMRAM 00000F
?___flmul                                           cstackCOMRAM 000028
?___fltol                                           cstackCOMRAM 000041
?___lwdiv                                           cstackCOMRAM 000001
?___lwmod                                           cstackCOMRAM 000001
?___xxtofl                                          cstackCOMRAM 000001
?_sprintf                                           cstackCOMRAM 000017
?_vfprintf                                          cstackCOMRAM 000013
ADC_GetConversion@channel                           cstackCOMRAM 000005
EUSART_FramingErrorCallbackRegister@callbackHandler cstackCOMRAM 000001
EUSART_OverrunErrorCallbackRegister@callbackHandler cstackCOMRAM 000001
INT0_SetInterruptHandler@InterruptHandler           cstackCOMRAM 000001
INT1_SetInterruptHandler@InterruptHandler           cstackCOMRAM 000001
INT2_SetInterruptHandler@InterruptHandler           cstackCOMRAM 000001
LCD_Command@cmd                                     cstackCOMRAM 000005
LCD_WriteChar@data                                  cstackCOMRAM 000005
LCD_WriteString@str                                 cstackCOMRAM 000006
MCP23S09_Write@data                                 cstackCOMRAM 000002
MCP23S09_Write@reg                                  cstackCOMRAM 000003
SPI_Write@data                                      cstackCOMRAM 000001
_ADCON0                                             (abs)        000FC2
_ADCON0bits                                         (abs)        000FC2
_ADCON1                                             (abs)        000FC1
_ADCON2                                             (abs)        000FC0
_ADC_GetConversion                                  text31       0020EC
_ADC_Initialize                                     text22       0022D4
_ADRESH                                             (abs)        000FC4
_ADRESL                                             (abs)        000FC3
_ANSELH                                             (abs)        000F7F
_BAUDCON                                            (abs)        000FB8
_BAUDCONbits                                        (abs)        000FB8
_CLOCK_Initialize                                   text21       002344
_EUSART_AutoBaudQuery                               (abs)        000000
_EUSART_AutoBaudSet                                 (abs)        000000
_EUSART_DefaultFramingErrorCallback                 (abs)        000000
_EUSART_DefaultOverrunErrorCallback                 (abs)        000000
_EUSART_Deinitialize                                (abs)        000000
_EUSART_ErrorGet                                    (abs)        000000
_EUSART_FramingErrorCallbackRegister                text20       00229E
_EUSART_FramingErrorHandler                         bssBANK0     000086
_EUSART_Initialize                                  text18       002170
_EUSART_IsRxReady                                   (abs)        000000
_EUSART_IsTxDone                                    (abs)        000000
_EUSART_IsTxReady                                   (abs)        000000
_EUSART_OverrunErrorCallbackRegister                text19       002282
_EUSART_OverrunErrorHandler                         bssBANK0     000084
_EUSART_Read                                        (abs)        000000
_EUSART_TransmitDisable                             (abs)        000000
_EUSART_TransmitEnable                              (abs)        000000
_EUSART_Write                                       (abs)        000000
_INT0_DefaultInterruptHandler                       (abs)        000000
_INT0_InterruptHandler                              bssCOMRAM    00005C
_INT0_SetInterruptHandler                           text17       00233A
_INT1_DefaultInterruptHandler                       (abs)        000000
_INT1_InterruptHandler                              bssCOMRAM    00005A
_INT1_SetInterruptHandler                           text16       002330
_INT2_DefaultInterruptHandler                       (abs)        000000
_INT2_InterruptHandler                              bssBANK0     00008A
_INT2_SetInterruptHandler                           text15       002326
_INTCON2bits                                        (abs)        000FF1
_INTCON3bits                                        (abs)        000FF0
_INTCONbits                                         (abs)        000FF2
_INTERRUPT_Initialize                               text14       0021DC
_IOCB                                               (abs)        000F7D
_LATA                                               (abs)        000F89
_LATB                                               (abs)        000F8A
_LATC                                               (abs)        000F8B
_LATD                                               (abs)        000F8C
_LATDbits                                           (abs)        000F8C
_LATE                                               (abs)        000F8D
_LCD_Command                                        text28       001F4A
_LCD_Init                                           text25       001E2E
_LCD_WriteChar                                      text24       001FBA
_LCD_WriteString                                    text23       00208A
_MCP23S09_Init                                      text26       002240
_MCP23S09_Write                                     text29       0022BA
_OSCCON                                             (abs)        000FD3
_OSCTUNE                                            (abs)        000F9B
_PIN_MANAGER_Initialize                             text13       002210
_PIR1bits                                           (abs)        000F9E
_RCONbits                                           (abs)        000FD0
_RCREG                                              (abs)        000FAE
_RCSTA                                              (abs)        000FAB
_RCSTAbits                                          (abs)        000FAB
_SPBRG                                              (abs)        000FAF
_SPBRGH                                             (abs)        000FB0
_SPI_Init                                           text27       002318
_SPI_Write                                          text30       002302
_SSPBUF                                             (abs)        000FC9
_SSPCON1                                            (abs)        000FC6
_SSPSTAT                                            (abs)        000FC7
_SSPSTATbits                                        (abs)        000FC7
_SYSTEM_Initialize                                  text12       0022EC
_TRISA                                              (abs)        000F92
_TRISB                                              (abs)        000F93
_TRISC                                              (abs)        000F94
_TRISCbits                                          (abs)        000F94
_TRISD                                              (abs)        000F95
_TRISDbits                                          (abs)        000F95
_TRISE                                              (abs)        000F96
_TXREG                                              (abs)        000FAD
_TXSTA                                              (abs)        000FAC
_TXSTAbits                                          (abs)        000FAC
_UART1                                              smallconst   001001
_WPUB                                               (abs)        000F7C
__HRAM                                              (abs)        000000
__H__absolute__                                     __absolute__ 000000
__Habs1                                             abs1         000000
__Hbank0                                            bank0        000000
__Hbank1                                            bank1        000000
__Hbank10                                           bank10       000000
__Hbank11                                           bank11       000000
__Hbank12                                           bank12       000000
__Hbank13                                           bank13       000000
__Hbank14                                           bank14       000000
__Hbank15                                           bank15       000000
__Hbank2                                            bank2        000000
__Hbank3                                            bank3        000000
__Hbank4                                            bank4        000000
__Hbank5                                            bank5        000000
__Hbank6                                            bank6        000000
__Hbank7                                            bank7        000000
__Hbank8                                            bank8        000000
__Hbank9                                            bank9        000000
__Hbigbss                                           bigbss       000000
__Hbigdata                                          bigdata      000000
__Hbigram                                           bigram       000000
__Hbigsfr                                           bigsfr       000000
__Hbss                                              bss          000000
__HbssBANK0                                         bssBANK0     000000
__HbssCOMRAM                                        bssCOMRAM    000000
__Hcinit                                            cinit        000000
__Hclrtext                                          clrtext      000000
__Hcomram                                           comram       000000
__Hconfig                                           config       30000E
__Hconst                                            const        000000
__HcstackCOMRAM                                     cstackCOMRAM 000000
__Hdata                                             data         000000
__Heeprom_data                                      eeprom_data  000000
__Hfarbss                                           farbss       000000
__Hfardata                                          fardata      000000
__Hheap                                             heap         000000
__Hibigdata                                         ibigdata     000000
__Hidata                                            idata        000000
__Hidloc                                            idloc        000000
__Hifardata                                         ifardata     000000
__Hinit                                             init         000004
__Hintcode                                          intcode      000000
__Hintcode_body                                     intcode_body 000000
__Hintcodelo                                        intcodelo    000000
__Hintentry                                         intentry     000000
__Hintret                                           intret       000000
__Hintsave_regs                                     intsave_regs 000000
__Hirdata                                           irdata       000000
__Hmediumconst                                      mediumconst  000000
__HnvFARRAM                                         nvFARRAM     000000
__Hnvbit                                            nvbit        000000
__Hnvrram                                           nvrram       000000
__Hparam                                            rparam       000000
__Hpowerup                                          powerup      000000
__Hram                                              ram          000000
__Hramtop                                           ramtop       001000
__Hrbit                                             rbit         000000
__Hrbss                                             rbss         000000
__Hrdata                                            rdata        000000
__Hreset_vec                                        reset_vec    000000
__Hrparam                                           rparam       000000
__Hsfr                                              sfr          000000
__Hsivt_hi                                          sivt_hi      000000
__Hsivt_lo                                          sivt_lo      000000
__Hsmallconst                                       smallconst   001048
__Hspace_0                                          (abs)        002350
__Hspace_1                                          (abs)        00008C
__Hspace_2                                          (abs)        000000
__Hspace_4                                          (abs)        60000E
__Hstack                                            stack        000000
__Hstruct                                           struct       000000
__Htemp                                             temp         000000
__Htext                                             text         000000
__Htext0                                            text0        000000
__Htext1                                            text1        000000
__Htext10                                           text10       000000
__Htext11                                           text11       000000
__Htext12                                           text12       000000
__Htext13                                           text13       000000
__Htext14                                           text14       000000
__Htext15                                           text15       000000
__Htext16                                           text16       000000
__Htext17                                           text17       000000
__Htext18                                           text18       000000
__Htext19                                           text19       000000
__Htext2                                            text2        000000
__Htext20                                           text20       000000
__Htext21                                           text21       000000
__Htext22                                           text22       000000
__Htext23                                           text23       000000
__Htext24                                           text24       000000
__Htext25                                           text25       000000
__Htext26                                           text26       000000
__Htext27                                           text27       000000
__Htext28                                           text28       000000
__Htext29                                           text29       000000
__Htext3                                            text3        000000
__Htext30                                           text30       000000
__Htext31                                           text31       000000
__Htext4                                            text4        000000
__Htext5                                            text5        000000
__Htext6                                            text6        000000
__Htext7                                            text7        000000
__Htext8                                            text8        000000
__Htext9                                            text9        000000
__LRAM                                              (abs)        000001
__L__absolute__                                     __absolute__ 000000
__Labs1                                             abs1         000000
__Lbank0                                            bank0        000000
__Lbank1                                            bank1        000000
__Lbank10                                           bank10       000000
__Lbank11                                           bank11       000000
__Lbank12                                           bank12       000000
__Lbank13                                           bank13       000000
__Lbank14                                           bank14       000000
__Lbank15                                           bank15       000000
__Lbank2                                            bank2        000000
__Lbank3                                            bank3        000000
__Lbank4                                            bank4        000000
__Lbank5                                            bank5        000000
__Lbank6                                            bank6        000000
__Lbank7                                            bank7        000000
__Lbank8                                            bank8        000000
__Lbank9                                            bank9        000000
__Lbigbss                                           bigbss       000000
__Lbigdata                                          bigdata      000000
__Lbigram                                           bigram       000000
__Lbigsfr                                           bigsfr       000000
__Lbss                                              bss          000000
__LbssBANK0                                         bssBANK0     000000
__LbssCOMRAM                                        bssCOMRAM    000000
__Lcinit                                            cinit        000000
__Lclrtext                                          clrtext      000000
__Lcomram                                           comram       000000
__Lconfig                                           config       000000
__Lconst                                            const        000000
__LcstackCOMRAM                                     cstackCOMRAM 000000
__Ldata                                             data         000000
__Leeprom_data                                      eeprom_data  000000
__Lfarbss                                           farbss       000000
__Lfardata                                          fardata      000000
__Lheap                                             heap         000000
__Libigdata                                         ibigdata     000000
__Lidata                                            idata        000000
__Lidloc                                            idloc        000000
__Lifardata                                         ifardata     000000
__Linit                                             init         000000
__Lintcode                                          intcode      000000
__Lintcode_body                                     intcode_body 000000
__Lintcodelo                                        intcodelo    000000
__Lintentry                                         intentry     000000
__Lintret                                           intret       000000
__Lintsave_regs                                     intsave_regs 000000
__Lirdata                                           irdata       000000
__Lmediumconst                                      mediumconst  000000
__LnvFARRAM                                         nvFARRAM     000000
__Lnvbit                                            nvbit        000000
__Lnvrram                                           nvrram       000000
__Lparam                                            rparam       000000
__Lpowerup                                          powerup      000000
__Lram                                              ram          000000
__Lramtop                                           ramtop       001000
__Lrbit                                             rbit         000000
__Lrbss                                             rbss         000000
__Lrdata                                            rdata        000000
__Lreset_vec                                        reset_vec    000000
__Lrparam                                           rparam       000000
__Lsfr                                              sfr          000000
__Lsivt_hi                                          sivt_hi      000000
__Lsivt_lo                                          sivt_lo      000000
__Lsmallconst                                       smallconst   001000
__Lspace_0                                          (abs)        000000
__Lspace_1                                          (abs)        000000
__Lspace_2                                          (abs)        000000
__Lspace_4                                          (abs)        000000
__Lstack                                            stack        000000
__Lstruct                                           struct       000000
__Ltemp                                             temp         000000
__Ltext                                             text         000000
__Ltext0                                            text0        000000
__Ltext1                                            text1        000000
__Ltext10                                           text10       000000
__Ltext11                                           text11       000000
__Ltext12                                           text12       000000
__Ltext13                                           text13       000000
__Ltext14                                           text14       000000
__Ltext15                                           text15       000000
__Ltext16                                           text16       000000
__Ltext17                                           text17       000000
__Ltext18                                           text18       000000
__Ltext19                                           text19       000000
__Ltext2                                            text2        000000
__Ltext20                                           text20       000000
__Ltext21                                           text21       000000
__Ltext22                                           text22       000000
__Ltext23                                           text23       000000
__Ltext24                                           text24       000000
__Ltext25                                           text25       000000
__Ltext26                                           text26       000000
__Ltext27                                           text27       000000
__Ltext28                                           text28       000000
__Ltext29                                           text29       000000
__Ltext3                                            text3        000000
__Ltext30                                           text30       000000
__Ltext31                                           text31       000000
__Ltext4                                            text4        000000
__Ltext5                                            text5        000000
__Ltext6                                            text6        000000
__Ltext7                                            text7        000000
__Ltext8                                            text8        000000
__Ltext9                                            text9        000000
__S0                                                (abs)        002350
__S1                                                (abs)        00008C
__S4                                                (abs)        000000
__S5                                                (abs)        000000
___fldiv                                            text11       001472
___fldiv@a                                          cstackCOMRAM 000013
___fldiv@aexp                                       cstackCOMRAM 000027
___fldiv@b                                          cstackCOMRAM 00000F
___fldiv@bexp                                       cstackCOMRAM 000026
___fldiv@grs                                        cstackCOMRAM 000022
___fldiv@new_exp                                    cstackCOMRAM 000020
___fldiv@rem                                        cstackCOMRAM 00001B
___fldiv@sign                                       cstackCOMRAM 00001F
___flmul                                            text10       001048
___flmul@a                                          cstackCOMRAM 00002C
___flmul@aexp                                       cstackCOMRAM 000039
___flmul@b                                          cstackCOMRAM 000028
___flmul@bexp                                       cstackCOMRAM 00003A
___flmul@grs                                        cstackCOMRAM 000035
___flmul@prod                                       cstackCOMRAM 00003B
___flmul@sign                                       cstackCOMRAM 000034
___flmul@temp                                       cstackCOMRAM 00003F
___fltol                                            text9        001C7E
___fltol@exp1                                       cstackCOMRAM 00004A
___fltol@f1                                         cstackCOMRAM 000041
___fltol@sign1                                      cstackCOMRAM 000049
___heap_hi                                          (abs)        000000
___heap_lo                                          (abs)        000000
___inthi_sp                                         stack        000000
___inthi_stack_hi                                   stack        000000
___inthi_stack_lo                                   stack        000000
___intlo_sp                                         stack        000000
___intlo_stack_hi                                   stack        000000
___intlo_stack_lo                                   stack        000000
___lwdiv                                            text7        001ED6
___lwdiv@counter                                    cstackCOMRAM 000007
___lwdiv@dividend                                   cstackCOMRAM 000001
___lwdiv@divisor                                    cstackCOMRAM 000003
___lwdiv@quotient                                   cstackCOMRAM 000005
___lwmod                                            text6        002026
___lwmod@counter                                    cstackCOMRAM 000005
___lwmod@dividend                                   cstackCOMRAM 000001
___lwmod@divisor                                    cstackCOMRAM 000003
___param_bank                                       (abs)        000000
___rparam_used                                      (abs)        000001
___sp                                               stack        000000
___stack_hi                                         stack        000000
___stack_lo                                         stack        000000
___xxtofl                                           text8        00180C
___xxtofl@arg                                       cstackCOMRAM 00000B
___xxtofl@exp                                       cstackCOMRAM 00000A
___xxtofl@sign                                      cstackCOMRAM 000009
___xxtofl@val                                       cstackCOMRAM 000001
__accesstop                                         (abs)        000060
__activetblptr                                      (abs)        000003
__end_of_ADC_GetConversion                          text31       002130
__end_of_ADC_Initialize                             text22       0022EC
__end_of_CLOCK_Initialize                           text21       00234E
__end_of_EUSART_FramingErrorCallbackRegister        text20       0022BA
__end_of_EUSART_Initialize                          text18       0021A8
__end_of_EUSART_OverrunErrorCallbackRegister        text19       00229E
__end_of_INT0_SetInterruptHandler                   text17       002344
__end_of_INT1_SetInterruptHandler                   text16       00233A
__end_of_INT2_SetInterruptHandler                   text15       002330
__end_of_INTERRUPT_Initialize                       text14       002210
__end_of_LCD_Command                                text28       001FBA
__end_of_LCD_Init                                   text25       001ED6
__end_of_LCD_WriteChar                              text24       002026
__end_of_LCD_WriteString                            text23       0020EC
__end_of_MCP23S09_Init                              text26       002266
__end_of_MCP23S09_Write                             text29       0022D4
__end_of_PIN_MANAGER_Initialize                     text13       002240
__end_of_SPI_Init                                   text27       002326
__end_of_SPI_Write                                  text30       002318
__end_of_SYSTEM_Initialize                          text12       002302
__end_of_UART1                                      smallconst   001031
__end_of___fldiv                                    text11       00180C
__end_of___flmul                                    text10       001472
__end_of___fltol                                    text9        001D84
__end_of___lwdiv                                    text7        001F4A
__end_of___lwmod                                    text6        00208A
__end_of___xxtofl                                   text8        0019C0
__end_of__initialization                            cinit        00227C
__end_of_fputc                                      text4        001E2E
__end_of_main                                       text0        001C7E
__end_of_putch                                      text5        002350
__end_of_sprintf                                    text1        0021DC
__end_of_vfpfcnvrt                                  text3        001B34
__end_of_vfprintf                                   text2        002170
__initialization                                    cinit        002266
__mediumconst                                       mediumconst  000000
__pbssBANK0                                         bssBANK0     000060
__pbssCOMRAM                                        bssCOMRAM    00005A
__pcinit                                            cinit        002266
__pcstackCOMRAM                                     cstackCOMRAM 000001
__psmallconst                                       smallconst   001000
__ptext0                                            text0        001B34
__ptext1                                            text1        0021A8
__ptext10                                           text10       001048
__ptext11                                           text11       001472
__ptext12                                           text12       0022EC
__ptext13                                           text13       002210
__ptext14                                           text14       0021DC
__ptext15                                           text15       002326
__ptext16                                           text16       002330
__ptext17                                           text17       00233A
__ptext18                                           text18       002170
__ptext19                                           text19       002282
__ptext2                                            text2        002130
__ptext20                                           text20       00229E
__ptext21                                           text21       002344
__ptext22                                           text22       0022D4
__ptext23                                           text23       00208A
__ptext24                                           text24       001FBA
__ptext25                                           text25       001E2E
__ptext26                                           text26       002240
__ptext27                                           text27       002318
__ptext28                                           text28       001F4A
__ptext29                                           text29       0022BA
__ptext3                                            text3        0019C0
__ptext30                                           text30       002302
__ptext31                                           text31       0020EC
__ptext4                                            text4        001D84
__ptext5                                            text5        00234E
__ptext6                                            text6        002026
__ptext7                                            text7        001ED6
__ptext8                                            text8        00180C
__ptext9                                            text9        001C7E
__ramtop                                            ramtop       001000
__smallconst                                        smallconst   001000
_dbuf                                               bssBANK0     000060
_eusartRxLastError                                  bssBANK0     000088
_flags                                              bssCOMRAM    00005E
_fputc                                              text4        001D84
_main                                               text0        001B34
_prec                                               bssBANK0     000082
_putch                                              text5        00234E
_sprintf                                            text1        0021A8
_vfpfcnvrt                                          text3        0019C0
_vfprintf                                           text2        002130
_width                                              bssBANK0     000080
end_of_initialization                               cinit        00227C
fputc@c                                             cstackCOMRAM 000001
fputc@fp                                            cstackCOMRAM 000003
intlevel0                                           text         000000
intlevel1                                           text         000000
intlevel2                                           text         000000
intlevel3                                           text         000000
isa$std                                             (abs)        000001
isa$xinst                                           (abs)        000000
main@adcValue                                       cstackCOMRAM 000054
main@res                                            cstackCOMRAM 000056
main@str                                            cstackCOMRAM 00004E
main@temp                                           cstackCOMRAM 000058
sprintf@ap                                          cstackCOMRAM 00001B
sprintf@f                                           cstackCOMRAM 00001C
sprintf@fmt                                         cstackCOMRAM 000018
sprintf@s                                           cstackCOMRAM 000017
stackhi                                             (abs)        000000
stacklo                                             (abs)        000000
start                                               init         000000
start_initialization                                cinit        002266
vfpfcnvrt@ap                                        cstackCOMRAM 00000B
vfpfcnvrt@c                                         cstackCOMRAM 000012
vfpfcnvrt@convarg                                   cstackCOMRAM 00000D
vfpfcnvrt@cp                                        cstackCOMRAM 000011
vfpfcnvrt@fmt                                       cstackCOMRAM 00000A
vfpfcnvrt@fp                                        cstackCOMRAM 000009
vfprintf@ap                                         cstackCOMRAM 000015
vfprintf@cfmt                                       cstackCOMRAM 000016
vfprintf@fmt                                        cstackCOMRAM 000014
vfprintf@fp                                         cstackCOMRAM 000013


MODULE INFORMATION

Module		Function		Class		Link	Load	Size
C:\Program Files\Microchip\xc8\v2.46\pic\sources\c99\common\fltol.c
		___fltol       		CODE           	1C7E	0000	262

C:\Program Files\Microchip\xc8\v2.46\pic\sources\c99\common\fltol.c estimated size: 262

C:\Program Files\Microchip\xc8\v2.46\pic\sources\c99\common\nf_fputc.c
		_fputc         		CODE           	1D84	0000	170

C:\Program Files\Microchip\xc8\v2.46\pic\sources\c99\common\nf_fputc.c estimated size: 170

mcp23s09.c
		_MCP23S09_Init 		CODE           	2240	0000	38
		_MCP23S09_Write		CODE           	22BA	0000	26

mcp23s09.c estimated size: 64

C:\Program Files\Microchip\xc8\v2.46\pic\sources\c99\common\lwdiv.c
		___lwdiv       		CODE           	1ED6	0000	116

C:\Program Files\Microchip\xc8\v2.46\pic\sources\c99\common\lwdiv.c estimated size: 116

C:\Program Files\Microchip\xc8\v2.46\pic\sources\c99\common\xxtofl.c
		___xxtofl      		CODE           	180C	0000	436

C:\Program Files\Microchip\xc8\v2.46\pic\sources\c99\common\xxtofl.c estimated size: 436

mcc_generated_files/system/src/interrupt.c
		_INT0_SetInterruptHandler		CODE           	233A	0000	10
		_INT1_SetInterruptHandler		CODE           	2330	0000	10
		_INT2_SetInterruptHandler		CODE           	2326	0000	10
		_INTERRUPT_Initialize		CODE           	21DC	0000	52

mcc_generated_files/system/src/interrupt.c estimated size: 82

C:\Program Files\Microchip\xc8\v2.46\pic\sources\c99\common\sprcmul.c
		___flmul       		CODE           	1048	0000	1066

C:\Program Files\Microchip\xc8\v2.46\pic\sources\c99\common\sprcmul.c estimated size: 1066

C:\Program Files\Microchip\xc8\v2.46\pic\sources\c99\common\sprcdiv.c
		___fldiv       		CODE           	1472	0000	922

C:\Program Files\Microchip\xc8\v2.46\pic\sources\c99\common\sprcdiv.c estimated size: 922

mcc_generated_files/adc/src/adc.c
		_ADC_Initialize		CODE           	22D4	0000	24
		_ADC_GetConversion		CODE           	20EC	0000	68

mcc_generated_files/adc/src/adc.c estimated size: 92

C:\Program Files\Microchip\xc8\v2.46\pic\sources\c99\common\doprnt.c
		_vfpfcnvrt     		CODE           	19C0	0000	372
		_vfprintf      		CODE           	2130	0000	64

C:\Program Files\Microchip\xc8\v2.46\pic\sources\c99\common\doprnt.c estimated size: 436

C:\Program Files\Microchip\xc8\v2.46\pic\sources\c99\common\nf_sprintf.c
		_sprintf       		CODE           	21A8	0000	52

C:\Program Files\Microchip\xc8\v2.46\pic\sources\c99\common\nf_sprintf.c estimated size: 52

mcc_generated_files/system/src/pins.c
		_PIN_MANAGER_Initialize		CODE           	2210	0000	48

mcc_generated_files/system/src/pins.c estimated size: 48

spi.c
		_SPI_Write     		CODE           	2302	0000	22
		_SPI_Init      		CODE           	2318	0000	14

spi.c estimated size: 36

shared
		__initialization		CODE           	2266	0000	22
		_UART1         		SMALLCONST     	1001	0000	48

shared estimated size: 70

C:\Program Files\Microchip\xc8\v2.46\pic\sources\c99\common\putch.c
		_putch         		CODE           	234E	0000	2

C:\Program Files\Microchip\xc8\v2.46\pic\sources\c99\common\putch.c estimated size: 2

lcd.c
		_LCD_Init      		CODE           	1E2E	0000	168
		_LCD_Command   		CODE           	1F4A	0000	112
		_LCD_WriteString		CODE           	208A	0000	98
		_LCD_WriteChar 		CODE           	1FBA	0000	108

lcd.c estimated size: 486

mcc_generated_files/uart/src/eusart.c
		_EUSART_FramingErrorCallbackRegister		CODE           	229E	0000	28
		_EUSART_OverrunErrorCallbackRegister		CODE           	2282	0000	28
		_EUSART_Initialize		CODE           	2170	0000	56

mcc_generated_files/uart/src/eusart.c estimated size: 112

C:\Program Files\Microchip\xc8\v2.46\pic\sources\c99\common\lwmod.c
		___lwmod       		CODE           	2026	0000	100

C:\Program Files\Microchip\xc8\v2.46\pic\sources\c99\common\lwmod.c estimated size: 100

mcc_generated_files/system/src/clock.c
		_CLOCK_Initialize		CODE           	2344	0000	10

mcc_generated_files/system/src/clock.c estimated size: 10

main.c
		_main          		CODE           	1B34	0000	330

main.c estimated size: 330

mcc_generated_files/system/src/system.c
		_SYSTEM_Initialize		CODE           	22EC	0000	22

mcc_generated_files/system/src/system.c estimated size: 22

