Microchip MPLAB XC8 Compiler V2.46

Linker command line:

-W-3 \
  --edf=C:\Program Files\Microchip\xc8\v2.46\pic\dat\20240104201356_en.msgs \
  -cn -h+dist/default/production\medical_Monitor.X.production.sym \
  --cmf=dist/default/production\medical_Monitor.X.production.cmf -z \
  -Q18F46K20 -oC:\Users\moham\AppData\Local\Temp\xcAsdhk.\driver_tmp_3.o \
  --defsym=__MPLAB_BUILD=1 --fixupoverflow=error \
  -Mdist/default/production/medical_Monitor.X.production.map \
  --md=C:\Users\moham\AppData\Local\Temp\xcAsdhk.\driver_tmp_0.dat -E1 \
  -ver=XC8 Compiler --acfsm=1493 -ACODE=00h-0FFFFh -ACONST=00h-0FFFFh \
  -ASMALLCONST=01000h-010FFhx240 -AMEDIUMCONST=01000h-0FFFFh \
  -ACOMRAM=01h-05Fh -AABS1=00h-0F5Fh -ABIGRAM=01h-0F5Fh \
  -ARAM=060h-0FFh,0100h-01FFhx14,0F00h-0F5Fh -ABANK0=060h-0FFh \
  -ABANK1=0100h-01FFh -ABANK2=0200h-02FFh -ABANK3=0300h-03FFh \
  -ABANK4=0400h-04FFh -ABANK5=0500h-05FFh -ABANK6=0600h-06FFh \
  -ABANK7=0700h-07FFh -ABANK8=0800h-08FFh -ABANK9=0900h-09FFh \
  -ABANK10=0A00h-0AFFh -ABANK11=0B00h-0BFFh -ABANK12=0C00h-0CFFh \
  -ABANK13=0D00h-0DFFh -ABANK14=0E00h-0EFFh -ABANK15=0F00h-0F5Fh \
  -ASFR=0F60h-0FFFh -ABIGSFR=0F60h-0FFFh -ACONFIG=0300000h-030000Dh \
  -AIDLOC=0200000h-0200007h -AEEDATA=0F00000h-0F003FFh -peeprom_data=EEDATA \
  -preset_vec=00h,intcode=8h,intcodelo,powerup,init -pramtop=01000h \
  -psmallconst=SMALLCONST -pmediumconst=MEDIUMCONST -pconst=CONST \
  -AFARRAM=00h-00h \
  -prdata=COMRAM,nvrram=COMRAM,nvbit=COMRAM,rbss=COMRAM,rbit=COMRAM \
  -pfarbss=FARRAM,fardata=FARRAM,nvFARRAM=FARRAM \
  -pintsave_regs=BIGRAM,bigbss=BIGRAM,bigdata=BIGRAM -pbss=RAM \
  -pidata=CODE,irdata=CODE,ibigdata=CODE,ifardata=CODE -prparam=COMRAM \
  C:\Users\moham\AppData\Local\Temp\xcAsdhk.\driver_tmp_14.o \
  dist/default/production\medical_Monitor.X.production.o 

Object code version is 3.11

Machine type is 18F46K20



                Name                               Link     Load   Length Selector   Space Scale
C:\Users\moham\AppData\Local\Temp\xcAsdhk.\driver_tmp_14.o
                config                           300000   300000        E        0       4
                init                                 72       72        4        4       0
                reset_vec                             0        0        4        0       0
dist/default/production\medical_Monitor.X.production.o
                intcode                               8        8       6A        4       0
                config                           300000   300000        E        0       4
                temp                                 5E       5E        1        1       1
                smallconst                         1000     1000       5A      800       0
                text52                             3582     3582        8      82D       0
                text51                             33B8     33B8       38      82D       0
                text50                             3242     3242       44      82D       0
                text49                             1C4C     1C4C      39A      82D       0
                text48                             1486     1486      42A      82D       0
                text47                             2A44     2A44      106      82D       0
                text46                             2378     2378      1B4      82D       0
                text45                             2FCC     2FCC       74      82D       0
                text44                             310A     310A       64      82D       0
                text43                             358C     358C        2      82D       0
                text42                             2D04     2D04       BA      82D       0
                text41                             26B0     26B0      17C      82D       0
                text40                             32C6     32C6       40      82D       0
                text39                             3342     3342       3C      82D       0
                text38                             2B4A     2B4A       FE      82D       0
                text37                             31B8     31B8       46      82D       0
                text35                             316E     316E       4A      82D       0
                text34                             18B0     18B0      39C      82D       0
                text33                             105A     105A      42C      82D       0
                text32                             293C     293C      108      82D       0
                text31                             21C0     21C0      1B8      82D       0
                text30                             282C     282C      110      82D       0
                text29                             3532     3532       10      82D       0
                text28                             3504     3504       18      82D       0
                text27                             3474     3474       20      82D       0
                text26                             2E66     2E66       7A      82D       0
                text25                             3542     3542        E      82D       0
                text24                             3420     3420       2C      82D       0
                text23                             2DBE     2DBE       A8      82D       0
                text22                             2F56     2F56       76      82D       0
                text21                             30A6     30A6       64      82D       0
                text20                             34EC     34EC       18      82D       0
                text19                             3578     3578        A      82D       0
                text18                             34B2     34B2       1E      82D       0
                text17                             3494     3494       1E      82D       0
                text16                             3306     3306       3C      82D       0
                text15                             356E     356E        A      82D       0
                text14                             3564     3564        A      82D       0
                text13                             355A     355A        A      82D       0
                text12                             337E     337E       3A      82D       0
                text11                             33F0     33F0       30      82D       0
                text10                             351C     351C       16      82D       0
                text9                              34D0     34D0       1C      82D       0
                text8                              3550     3550        A      82D       0
                text7                              2EE0     2EE0       76      82D       0
                text6                              3040     3040       66      82D       0
                text5                              358A     358A        2      82D       0
                text4                              2C48     2C48       BC      82D       0
                text3                              252C     252C      184      82D       0
                text2                              31FE     31FE       44      82D       0
                text1                              3286     3286       40      82D       0
                text0                              1FE6     1FE6      1DA      82D       0
                cstackCOMRAM                          1        1       5A        1       1
                cstackBANK0                          60       60       64       60       1
                cstackBANK1                         120      120       14      100       1
                bssBANK1                            100      100       20      100       1
                bssBANK0                             C4       C4       1E       60       1
                bssCOMRAM                            5B       5B        3        1       1
                cinit                              344C     344C       28      82D       0

TOTAL           Name                               Link     Load   Length     Space
        CLASS   CODE           
                intcode                               8        8       6A         0
                init                                 72       72        4         0
                reset_vec                             0        0        4         0
                text52                             3582     3582        8         0
                text51                             33B8     33B8       38         0
                text50                             3242     3242       44         0
                text49                             1C4C     1C4C      39A         0
                text48                             1486     1486      42A         0
                text47                             2A44     2A44      106         0
                text46                             2378     2378      1B4         0
                text45                             2FCC     2FCC       74         0
                text44                             310A     310A       64         0
                text43                             358C     358C        2         0
                text42                             2D04     2D04       BA         0
                text41                             26B0     26B0      17C         0
                text40                             32C6     32C6       40         0
                text39                             3342     3342       3C         0
                text38                             2B4A     2B4A       FE         0
                text37                             31B8     31B8       46         0
                text35                             316E     316E       4A         0
                text34                             18B0     18B0      39C         0
                text33                             105A     105A      42C         0
                text32                             293C     293C      108         0
                text31                             21C0     21C0      1B8         0
                text30                             282C     282C      110         0
                text29                             3532     3532       10         0
                text28                             3504     3504       18         0
                text27                             3474     3474       20         0
                text26                             2E66     2E66       7A         0
                text25                             3542     3542        E         0
                text24                             3420     3420       2C         0
                text23                             2DBE     2DBE       A8         0
                text22                             2F56     2F56       76         0
                text21                             30A6     30A6       64         0
                text20                             34EC     34EC       18         0
                text19                             3578     3578        A         0
                text18                             34B2     34B2       1E         0
                text17                             3494     3494       1E         0
                text16                             3306     3306       3C         0
                text15                             356E     356E        A         0
                text14                             3564     3564        A         0
                text13                             355A     355A        A         0
                text12                             337E     337E       3A         0
                text11                             33F0     33F0       30         0
                text10                             351C     351C       16         0
                text9                              34D0     34D0       1C         0
                text8                              3550     3550        A         0
                text7                              2EE0     2EE0       76         0
                text6                              3040     3040       66         0
                text5                              358A     358A        2         0
                text4                              2C48     2C48       BC         0
                text3                              252C     252C      184         0
                text2                              31FE     31FE       44         0
                text1                              3286     3286       40         0
                text0                              1FE6     1FE6      1DA         0
                cinit                              344C     344C       28         0

        CLASS   CONST          

        CLASS   SMALLCONST     
                smallconst                         1000     1000       5A         0

        CLASS   MEDIUMCONST    

        CLASS   COMRAM         
                temp                                 5E       5E        1         1
                cstackCOMRAM                          1        1       5A         1
                bssCOMRAM                            5B       5B        3         1

        CLASS   ABS1           

        CLASS   BIGRAM         

        CLASS   RAM            

        CLASS   BANK0          
                cstackBANK0                          60       60       64         1
                bssBANK0                             C4       C4       1E         1

        CLASS   BANK1          
                cstackBANK1                         120      120       14         1
                bssBANK1                            100      100       20         1

        CLASS   BANK2          

        CLASS   BANK3          

        CLASS   BANK4          

        CLASS   BANK5          

        CLASS   BANK6          

        CLASS   BANK7          

        CLASS   BANK8          

        CLASS   BANK9          

        CLASS   BANK10         

        CLASS   BANK11         

        CLASS   BANK12         

        CLASS   BANK13         

        CLASS   BANK14         

        CLASS   BANK15         

        CLASS   SFR            

        CLASS   BIGSFR         

        CLASS   CONFIG         
                config                           300000   300000        E         4

        CLASS   IDLOC          

        CLASS   EEDATA         

        CLASS   FARRAM         

        CLASS   HEAP           

        CLASS   STACK          



SEGMENTS        Name                           Load    Length   Top    Selector   Space  Class

                reset_vec                      000000  000004  000004         0       0  CODE    
                cstackCOMRAM                   000001  00005E  00005F         1       1  COMRAM  
                intcode                        000008  00006E  000076         4       0  CODE    
                cstackBANK0                    000060  000082  0000E2        60       1  BANK0   
                bssBANK1                       000100  000034  000134       100       1  BANK1   
                smallconst                     001000  00005A  00105A       800       0  SMALLCON
                text33                         00105A  002534  00358E       82D       0  CODE    


UNUSED ADDRESS RANGES

        Name                Unused          Largest block    Delta
        BANK0            0000E2-0000FF               1E
        BANK1            000134-0001FF               CC
        BANK10           000A00-000AFF              100
        BANK11           000B00-000BFF              100
        BANK12           000C00-000CFF              100
        BANK13           000D00-000DFF              100
        BANK14           000E00-000EFF              100
        BANK15           000F00-000F5F               60
        BANK2            000200-0002FF              100
        BANK3            000300-0003FF              100
        BANK4            000400-0004FF              100
        BANK5            000500-0005FF              100
        BANK6            000600-0006FF              100
        BANK7            000700-0007FF              100
        BANK8            000800-0008FF              100
        BANK9            000900-0009FF              100
        BIGRAM           00005F-00005F                1
                         0000E2-0000FF               1E
                         000134-000F5F              E2C
        BIGSFR           000F60-000FFF               A0
        CODE             000004-000007                4
                         000076-000FFF              F8A
                         00358E-00FFFF             CA72
        COMRAM           00005F-00005F                1
        CONST            000004-000007                4
                         000076-000FFF              F8A
                         00358E-00FFFF             CA72
        EEDATA           F00000-F003FF              400
        IDLOC            200000-200007                8
        MEDIUMCONST      00358E-00FFFF             CA72
        RAM              0000E2-0000FF               1E
                         000134-000F5F              100
        SFR              000F60-000FFF               A0
        SMALLCONST       00358E-00FFFF              100

                                  Symbol Table

?_ADC_GetConversion                                 cstackBANK0  00006C
?_Calculate_bpm                                     cstackBANK0  0000B6
?___fldiv                                           cstackBANK0  00007A
?___flmul                                           cstackBANK0  000093
?___fltol                                           cstackBANK0  0000AC
?___lwdiv                                           cstackBANK0  00006C
?___lwmod                                           cstackBANK0  00006C
?___xxtofl                                          cstackBANK0  00006C
?_sprintf                                           cstackBANK0  000082
?_vfprintf                                          cstackBANK0  00007E
?i2_ADC_GetConversion                               cstackCOMRAM 000001
?i2___fldiv                                         cstackCOMRAM 00000F
?i2___flmul                                         cstackCOMRAM 000028
?i2___fltol                                         cstackCOMRAM 000041
?i2___lwdiv                                         cstackCOMRAM 000001
?i2___lwmod                                         cstackCOMRAM 000001
?i2___xxtofl                                        cstackCOMRAM 000001
?i2_sprintf                                         cstackCOMRAM 000017
?i2_vfprintf                                        cstackCOMRAM 000013
ADC_GetConversion@channel                           cstackBANK0  000070
Calculate_bpm@adcValue                              cstackBANK0  0000BB
Calculate_bpm@res1                                  cstackBANK0  0000BD
Calculate_bpm@timeDifference                        cstackBANK0  0000BF
EUSART_FramingErrorCallbackRegister@callbackHandler cstackBANK0  00006C
EUSART_OverrunErrorCallbackRegister@callbackHandler cstackBANK0  00006C
EUSART_Write@txData                                 cstackCOMRAM 000001
EUSART_WriteString@str                              cstackCOMRAM 000002
INT0_SetInterruptHandler@InterruptHandler           cstackBANK0  00006C
INT1_SetInterruptHandler@InterruptHandler           cstackBANK0  00006C
INT2_SetInterruptHandler@InterruptHandler           cstackBANK0  00006C
LCD_Command@cmd                                     cstackBANK0  000070
LCD_WriteChar@data                                  cstackBANK0  000070
LCD_WriteString@str                                 cstackBANK0  000071
MCP23S09_Write@data                                 cstackBANK0  00006D
MCP23S09_Write@reg                                  cstackBANK0  00006E
SPI_Write@data                                      cstackBANK0  00006C
Timer0_SetCallback@callback                         cstackBANK0  00006C
Timer0_UserCallback@adcValue                        cstackCOMRAM 000054
Timer0_UserCallback@res                             cstackCOMRAM 000056
Timer0_UserCallback@str                             cstackCOMRAM 00004E
Timer0_UserCallback@temp                            cstackCOMRAM 000058
Timer0_UserCallback@temp_uint8                      cstackCOMRAM 00005A
_ADCON0                                             (abs)        000FC2
_ADCON0bits                                         (abs)        000FC2
_ADCON1                                             (abs)        000FC1
_ADCON2                                             (abs)        000FC0
_ADC_GetConversion                                  text35       00316E
_ADC_Initialize                                     text20       0034EC
_ADRESH                                             (abs)        000FC4
_ADRESL                                             (abs)        000FC3
_ANSELH                                             (abs)        000F7F
_BAUDCON                                            (abs)        000FB8
_BAUDCONbits                                        (abs)        000FB8
_CLOCK_Initialize                                   text19       003578
_Calculate_bpm                                      text30       00282C
_EUSART_AutoBaudQuery                               (abs)        000000
_EUSART_AutoBaudSet                                 (abs)        000000
_EUSART_DefaultFramingErrorCallback                 (abs)        000000
_EUSART_DefaultOverrunErrorCallback                 (abs)        000000
_EUSART_Deinitialize                                (abs)        000000
_EUSART_ErrorGet                                    (abs)        000000
_EUSART_FramingErrorCallbackRegister                text18       0034B2
_EUSART_FramingErrorHandler                         bssBANK0     0000D8
_EUSART_Initialize                                  text16       003306
_EUSART_IsRxReady                                   (abs)        000000
_EUSART_IsTxDone                                    (abs)        000000
_EUSART_IsTxReady                                   (abs)        000000
_EUSART_OverrunErrorCallbackRegister                text17       003494
_EUSART_OverrunErrorHandler                         bssBANK0     0000D6
_EUSART_Read                                        (abs)        000000
_EUSART_TransmitDisable                             (abs)        000000
_EUSART_TransmitEnable                              (abs)        000000
_EUSART_Write                                       text52       003582
_EUSART_WriteString                                 text51       0033B8
_Heart_Init                                         text29       003532
_INT0_DefaultInterruptHandler                       (abs)        000000
_INT0_InterruptHandler                              bssBANK0     0000E0
_INT0_SetInterruptHandler                           text15       00356E
_INT1_DefaultInterruptHandler                       (abs)        000000
_INT1_InterruptHandler                              bssBANK0     0000DE
_INT1_SetInterruptHandler                           text14       003564
_INT2_DefaultInterruptHandler                       (abs)        000000
_INT2_InterruptHandler                              bssBANK0     0000DC
_INT2_SetInterruptHandler                           text13       00355A
_INTCON2bits                                        (abs)        000FF1
_INTCON3bits                                        (abs)        000FF0
_INTCONbits                                         (abs)        000FF2
_INTERRUPT_Initialize                               text12       00337E
_IOCB                                               (abs)        000F7D
_ISR                                                intcode      000008
_LATA                                               (abs)        000F89
_LATB                                               (abs)        000F8A
_LATC                                               (abs)        000F8B
_LATD                                               (abs)        000F8C
_LATDbits                                           (abs)        000F8C
_LATE                                               (abs)        000F8D
_LCD_Command                                        text26       002E66
_LCD_Init                                           text23       002DBE
_LCD_WriteChar                                      text22       002F56
_LCD_WriteString                                    text21       0030A6
_MCP23S09_Init                                      text24       003420
_MCP23S09_Write                                     text27       003474
_OSCCON                                             (abs)        000FD3
_OSCTUNE                                            (abs)        000F9B
_PIN_MANAGER_Initialize                             text11       0033F0
_PIR1bits                                           (abs)        000F9E
_RCONbits                                           (abs)        000FD0
_RCREG                                              (abs)        000FAE
_RCSTA                                              (abs)        000FAB
_RCSTAbits                                          (abs)        000FAB
_SPBRG                                              (abs)        000FAF
_SPBRGH                                             (abs)        000FB0
_SPI_Init                                           text25       003542
_SPI_Write                                          text28       003504
_SSPBUF                                             (abs)        000FC9
_SSPCON1                                            (abs)        000FC6
_SSPSTAT                                            (abs)        000FC7
_SSPSTATbits                                        (abs)        000FC7
_SYSTEM_Initialize                                  text10       00351C
_T0CONbits                                          (abs)        000FD5
_T1CON                                              (abs)        000FCD
_TMR0H                                              (abs)        000FD7
_TMR0L                                              (abs)        000FD6
_TMR1                                               (abs)        000FCE
_TMR1IF                                             (abs)        007CF0
_TRISA                                              (abs)        000F92
_TRISB                                              (abs)        000F93
_TRISC                                              (abs)        000F94
_TRISCbits                                          (abs)        000F94
_TRISD                                              (abs)        000F95
_TRISDbits                                          (abs)        000F95
_TRISE                                              (abs)        000F96
_TXREG                                              (abs)        000FAD
_TXSTA                                              (abs)        000FAC
_TXSTAbits                                          (abs)        000FAC
_Timer0_Callback                                    bssBANK0     0000CE
_Timer0_ISR                                         text37       0031B8
_Timer0_Initialize                                  text9        0034D0
_Timer0_SetCallback                                 text8        003550
_Timer0_UserCallback                                text38       002B4A
_UART1                                              smallconst   001001
_WPUB                                               (abs)        000F7C
__HRAM                                              (abs)        000000
__H__absolute__                                     __absolute__ 000000
__Habs1                                             abs1         000000
__Hbank0                                            bank0        000000
__Hbank1                                            bank1        000000
__Hbank10                                           bank10       000000
__Hbank11                                           bank11       000000
__Hbank12                                           bank12       000000
__Hbank13                                           bank13       000000
__Hbank14                                           bank14       000000
__Hbank15                                           bank15       000000
__Hbank2                                            bank2        000000
__Hbank3                                            bank3        000000
__Hbank4                                            bank4        000000
__Hbank5                                            bank5        000000
__Hbank6                                            bank6        000000
__Hbank7                                            bank7        000000
__Hbank8                                            bank8        000000
__Hbank9                                            bank9        000000
__Hbigbss                                           bigbss       000000
__Hbigdata                                          bigdata      000000
__Hbigram                                           bigram       000000
__Hbigsfr                                           bigsfr       000000
__Hbss                                              bss          000000
__HbssBANK0                                         bssBANK0     000000
__HbssBANK1                                         bssBANK1     000000
__HbssCOMRAM                                        bssCOMRAM    000000
__Hcinit                                            cinit        000000
__Hclrtext                                          clrtext      000000
__Hcomram                                           comram       000000
__Hconfig                                           config       30000E
__Hconst                                            const        000000
__HcstackBANK0                                      cstackBANK0  000000
__HcstackBANK1                                      cstackBANK1  000000
__HcstackCOMRAM                                     cstackCOMRAM 000000
__Hdata                                             data         000000
__Heeprom_data                                      eeprom_data  000000
__Hfarbss                                           farbss       000000
__Hfardata                                          fardata      000000
__Hheap                                             heap         000000
__Hibigdata                                         ibigdata     000000
__Hidata                                            idata        000000
__Hidloc                                            idloc        000000
__Hifardata                                         ifardata     000000
__Hinit                                             init         000076
__Hintcode                                          intcode      000072
__Hintcode_body                                     intcode_body 000000
__Hintcodelo                                        intcodelo    000072
__Hintentry                                         intentry     000000
__Hintret                                           intret       000000
__Hintsave_regs                                     intsave_regs 000000
__Hirdata                                           irdata       000000
__Hmediumconst                                      mediumconst  000000
__HnvFARRAM                                         nvFARRAM     000000
__Hnvbit                                            nvbit        000000
__Hnvrram                                           nvrram       000000
__Hparam                                            rparam       000000
__Hpowerup                                          powerup      000072
__Hram                                              ram          000000
__Hramtop                                           ramtop       001000
__Hrbit                                             rbit         000000
__Hrbss                                             rbss         000000
__Hrdata                                            rdata        000000
__Hreset_vec                                        reset_vec    000004
__Hrparam                                           rparam       000000
__Hsfr                                              sfr          000000
__Hsivt_hi                                          sivt_hi      000000
__Hsivt_lo                                          sivt_lo      000000
__Hsmallconst                                       smallconst   00105A
__Hspace_0                                          (abs)        00358E
__Hspace_1                                          (abs)        000134
__Hspace_2                                          (abs)        000000
__Hspace_4                                          (abs)        60000E
__Hstack                                            stack        000000
__Hstruct                                           struct       000000
__Htemp                                             temp         00005F
__Htext                                             text         000000
__Htext0                                            text0        000000
__Htext1                                            text1        000000
__Htext10                                           text10       000000
__Htext11                                           text11       000000
__Htext12                                           text12       000000
__Htext13                                           text13       000000
__Htext14                                           text14       000000
__Htext15                                           text15       000000
__Htext16                                           text16       000000
__Htext17                                           text17       000000
__Htext18                                           text18       000000
__Htext19                                           text19       000000
__Htext2                                            text2        000000
__Htext20                                           text20       000000
__Htext21                                           text21       000000
__Htext22                                           text22       000000
__Htext23                                           text23       000000
__Htext24                                           text24       000000
__Htext25                                           text25       000000
__Htext26                                           text26       000000
__Htext27                                           text27       000000
__Htext28                                           text28       000000
__Htext29                                           text29       000000
__Htext3                                            text3        000000
__Htext30                                           text30       000000
__Htext31                                           text31       000000
__Htext32                                           text32       000000
__Htext33                                           text33       000000
__Htext34                                           text34       000000
__Htext35                                           text35       000000
__Htext37                                           text37       000000
__Htext38                                           text38       000000
__Htext39                                           text39       000000
__Htext4                                            text4        000000
__Htext40                                           text40       000000
__Htext41                                           text41       000000
__Htext42                                           text42       000000
__Htext43                                           text43       000000
__Htext44                                           text44       000000
__Htext45                                           text45       000000
__Htext46                                           text46       000000
__Htext47                                           text47       000000
__Htext48                                           text48       000000
__Htext49                                           text49       000000
__Htext5                                            text5        000000
__Htext50                                           text50       000000
__Htext51                                           text51       000000
__Htext52                                           text52       000000
__Htext6                                            text6        000000
__Htext7                                            text7        000000
__Htext8                                            text8        000000
__Htext9                                            text9        000000
__LRAM                                              (abs)        000001
__L__absolute__                                     __absolute__ 000000
__Labs1                                             abs1         000000
__Lbank0                                            bank0        000000
__Lbank1                                            bank1        000000
__Lbank10                                           bank10       000000
__Lbank11                                           bank11       000000
__Lbank12                                           bank12       000000
__Lbank13                                           bank13       000000
__Lbank14                                           bank14       000000
__Lbank15                                           bank15       000000
__Lbank2                                            bank2        000000
__Lbank3                                            bank3        000000
__Lbank4                                            bank4        000000
__Lbank5                                            bank5        000000
__Lbank6                                            bank6        000000
__Lbank7                                            bank7        000000
__Lbank8                                            bank8        000000
__Lbank9                                            bank9        000000
__Lbigbss                                           bigbss       000000
__Lbigdata                                          bigdata      000000
__Lbigram                                           bigram       000000
__Lbigsfr                                           bigsfr       000000
__Lbss                                              bss          000000
__LbssBANK0                                         bssBANK0     000000
__LbssBANK1                                         bssBANK1     000000
__LbssCOMRAM                                        bssCOMRAM    000000
__Lcinit                                            cinit        000000
__Lclrtext                                          clrtext      000000
__Lcomram                                           comram       000000
__Lconfig                                           config       000000
__Lconst                                            const        000000
__LcstackBANK0                                      cstackBANK0  000000
__LcstackBANK1                                      cstackBANK1  000000
__LcstackCOMRAM                                     cstackCOMRAM 000000
__Ldata                                             data         000000
__Leeprom_data                                      eeprom_data  000000
__Lfarbss                                           farbss       000000
__Lfardata                                          fardata      000000
__Lheap                                             heap         000000
__Libigdata                                         ibigdata     000000
__Lidata                                            idata        000000
__Lidloc                                            idloc        000000
__Lifardata                                         ifardata     000000
__Linit                                             init         000072
__Lintcode                                          intcode      000008
__Lintcode_body                                     intcode_body 000000
__Lintcodelo                                        intcodelo    000072
__Lintentry                                         intentry     000000
__Lintret                                           intret       000000
__Lintsave_regs                                     intsave_regs 000000
__Lirdata                                           irdata       000000
__Lmediumconst                                      mediumconst  000000
__LnvFARRAM                                         nvFARRAM     000000
__Lnvbit                                            nvbit        000000
__Lnvrram                                           nvrram       000000
__Lparam                                            rparam       000000
__Lpowerup                                          powerup      000072
__Lram                                              ram          000000
__Lramtop                                           ramtop       001000
__Lrbit                                             rbit         000000
__Lrbss                                             rbss         000000
__Lrdata                                            rdata        000000
__Lreset_vec                                        reset_vec    000000
__Lrparam                                           rparam       000000
__Lsfr                                              sfr          000000
__Lsivt_hi                                          sivt_hi      000000
__Lsivt_lo                                          sivt_lo      000000
__Lsmallconst                                       smallconst   001000
__Lspace_0                                          (abs)        000000
__Lspace_1                                          (abs)        000000
__Lspace_2                                          (abs)        000000
__Lspace_4                                          (abs)        000000
__Lstack                                            stack        000000
__Lstruct                                           struct       000000
__Ltemp                                             temp         00005E
__Ltext                                             text         000000
__Ltext0                                            text0        000000
__Ltext1                                            text1        000000
__Ltext10                                           text10       000000
__Ltext11                                           text11       000000
__Ltext12                                           text12       000000
__Ltext13                                           text13       000000
__Ltext14                                           text14       000000
__Ltext15                                           text15       000000
__Ltext16                                           text16       000000
__Ltext17                                           text17       000000
__Ltext18                                           text18       000000
__Ltext19                                           text19       000000
__Ltext2                                            text2        000000
__Ltext20                                           text20       000000
__Ltext21                                           text21       000000
__Ltext22                                           text22       000000
__Ltext23                                           text23       000000
__Ltext24                                           text24       000000
__Ltext25                                           text25       000000
__Ltext26                                           text26       000000
__Ltext27                                           text27       000000
__Ltext28                                           text28       000000
__Ltext29                                           text29       000000
__Ltext3                                            text3        000000
__Ltext30                                           text30       000000
__Ltext31                                           text31       000000
__Ltext32                                           text32       000000
__Ltext33                                           text33       000000
__Ltext34                                           text34       000000
__Ltext35                                           text35       000000
__Ltext37                                           text37       000000
__Ltext38                                           text38       000000
__Ltext39                                           text39       000000
__Ltext4                                            text4        000000
__Ltext40                                           text40       000000
__Ltext41                                           text41       000000
__Ltext42                                           text42       000000
__Ltext43                                           text43       000000
__Ltext44                                           text44       000000
__Ltext45                                           text45       000000
__Ltext46                                           text46       000000
__Ltext47                                           text47       000000
__Ltext48                                           text48       000000
__Ltext49                                           text49       000000
__Ltext5                                            text5        000000
__Ltext50                                           text50       000000
__Ltext51                                           text51       000000
__Ltext52                                           text52       000000
__Ltext6                                            text6        000000
__Ltext7                                            text7        000000
__Ltext8                                            text8        000000
__Ltext9                                            text9        000000
__S0                                                (abs)        00358E
__S1                                                (abs)        000134
__S4                                                (abs)        000000
__S5                                                (abs)        000000
___fldiv                                            text34       0018B0
___fldiv@a                                          cstackBANK0  00007E
___fldiv@aexp                                       cstackBANK0  000092
___fldiv@b                                          cstackBANK0  00007A
___fldiv@bexp                                       cstackBANK0  000091
___fldiv@grs                                        cstackBANK0  00008D
___fldiv@new_exp                                    cstackBANK0  00008B
___fldiv@rem                                        cstackBANK0  000086
___fldiv@sign                                       cstackBANK0  00008A
___flmul                                            text33       00105A
___flmul@a                                          cstackBANK0  000097
___flmul@aexp                                       cstackBANK0  0000A0
___flmul@b                                          cstackBANK0  000093
___flmul@bexp                                       cstackBANK0  0000A5
___flmul@grs                                        cstackBANK0  0000A1
___flmul@prod                                       cstackBANK0  0000A6
___flmul@sign                                       cstackBANK0  00009F
___flmul@temp                                       cstackBANK0  0000AA
___fltol                                            text32       00293C
___fltol@exp1                                       cstackBANK0  0000B5
___fltol@f1                                         cstackBANK0  0000AC
___fltol@sign1                                      cstackBANK0  0000B4
___heap_hi                                          (abs)        000000
___heap_lo                                          (abs)        000000
___inthi_sp                                         stack        000000
___inthi_stack_hi                                   stack        000000
___inthi_stack_lo                                   stack        000000
___intlo_sp                                         stack        000000
___intlo_stack_hi                                   stack        000000
___intlo_stack_lo                                   stack        000000
___lwdiv                                            text7        002EE0
___lwdiv@counter                                    cstackBANK0  000070
___lwdiv@dividend                                   cstackBANK0  00006C
___lwdiv@divisor                                    cstackBANK0  00006E
___lwdiv@quotient                                   cstackBANK0  000071
___lwmod                                            text6        003040
___lwmod@counter                                    cstackBANK0  000070
___lwmod@dividend                                   cstackBANK0  00006C
___lwmod@divisor                                    cstackBANK0  00006E
___param_bank                                       (abs)        000000
___rparam_used                                      (abs)        000001
___sp                                               stack        000000
___stack_hi                                         stack        000000
___stack_lo                                         stack        000000
___xxtofl                                           text31       0021C0
___xxtofl@arg                                       cstackBANK0  000076
___xxtofl@exp                                       cstackBANK0  000075
___xxtofl@sign                                      cstackBANK0  000074
___xxtofl@val                                       cstackBANK0  00006C
__accesstop                                         (abs)        000060
__activetblptr                                      (abs)        000003
__end_of_ADC_GetConversion                          text35       0031B8
__end_of_ADC_Initialize                             text20       003504
__end_of_CLOCK_Initialize                           text19       003582
__end_of_Calculate_bpm                              text30       00293C
__end_of_EUSART_FramingErrorCallbackRegister        text18       0034D0
__end_of_EUSART_Initialize                          text16       003342
__end_of_EUSART_OverrunErrorCallbackRegister        text17       0034B2
__end_of_EUSART_Write                               text52       00358A
__end_of_EUSART_WriteString                         text51       0033F0
__end_of_Heart_Init                                 text29       003542
__end_of_INT0_SetInterruptHandler                   text15       003578
__end_of_INT1_SetInterruptHandler                   text14       00356E
__end_of_INT2_SetInterruptHandler                   text13       003564
__end_of_INTERRUPT_Initialize                       text12       0033B8
__end_of_ISR                                        intcode      000072
__end_of_LCD_Command                                text26       002EE0
__end_of_LCD_Init                                   text23       002E66
__end_of_LCD_WriteChar                              text22       002FCC
__end_of_LCD_WriteString                            text21       00310A
__end_of_MCP23S09_Init                              text24       00344C
__end_of_MCP23S09_Write                             text27       003494
__end_of_PIN_MANAGER_Initialize                     text11       003420
__end_of_SPI_Init                                   text25       003550
__end_of_SPI_Write                                  text28       00351C
__end_of_SYSTEM_Initialize                          text10       003532
__end_of_Timer0_ISR                                 text37       0031FE
__end_of_Timer0_Initialize                          text9        0034EC
__end_of_Timer0_SetCallback                         text8        00355A
__end_of_Timer0_UserCallback                        text38       002C48
__end_of_UART1                                      smallconst   001031
__end_of___fldiv                                    text34       001C4C
__end_of___flmul                                    text33       001486
__end_of___fltol                                    text32       002A44
__end_of___lwdiv                                    text7        002F56
__end_of___lwmod                                    text6        0030A6
__end_of___xxtofl                                   text31       002378
__end_of__initialization                            cinit        00346A
__end_of_fputc                                      text4        002D04
__end_of_main                                       text0        0021C0
__end_of_putch                                      text5        00358C
__end_of_sprintf                                    text1        0032C6
__end_of_vfpfcnvrt                                  text3        0026B0
__end_of_vfprintf                                   text2        003242
__end_ofi2_ADC_GetConversion                        text50       003286
__end_ofi2___fldiv                                  text49       001FE6
__end_ofi2___flmul                                  text48       0018B0
__end_ofi2___fltol                                  text47       002B4A
__end_ofi2___lwdiv                                  text45       003040
__end_ofi2___lwmod                                  text44       00316E
__end_ofi2___xxtofl                                 text46       00252C
__end_ofi2_fputc                                    text42       002DBE
__end_ofi2_putch                                    text43       00358E
__end_ofi2_sprintf                                  text39       00337E
__end_ofi2_vfpfcnvrt                                text41       00282C
__end_ofi2_vfprintf                                 text40       003306
__initialization                                    cinit        00344C
__mediumconst                                       mediumconst  000000
__pbssBANK0                                         bssBANK0     0000C4
__pbssBANK1                                         bssBANK1     000100
__pbssCOMRAM                                        bssCOMRAM    00005B
__pcinit                                            cinit        00344C
__pcstackBANK0                                      cstackBANK0  000060
__pcstackBANK1                                      cstackBANK1  000120
__pcstackCOMRAM                                     cstackCOMRAM 000001
__pintcode                                          intcode      000008
__psmallconst                                       smallconst   001000
__ptext0                                            text0        001FE6
__ptext1                                            text1        003286
__ptext10                                           text10       00351C
__ptext11                                           text11       0033F0
__ptext12                                           text12       00337E
__ptext13                                           text13       00355A
__ptext14                                           text14       003564
__ptext15                                           text15       00356E
__ptext16                                           text16       003306
__ptext17                                           text17       003494
__ptext18                                           text18       0034B2
__ptext19                                           text19       003578
__ptext2                                            text2        0031FE
__ptext20                                           text20       0034EC
__ptext21                                           text21       0030A6
__ptext22                                           text22       002F56
__ptext23                                           text23       002DBE
__ptext24                                           text24       003420
__ptext25                                           text25       003542
__ptext26                                           text26       002E66
__ptext27                                           text27       003474
__ptext28                                           text28       003504
__ptext29                                           text29       003532
__ptext3                                            text3        00252C
__ptext30                                           text30       00282C
__ptext31                                           text31       0021C0
__ptext32                                           text32       00293C
__ptext33                                           text33       00105A
__ptext34                                           text34       0018B0
__ptext35                                           text35       00316E
__ptext37                                           text37       0031B8
__ptext38                                           text38       002B4A
__ptext39                                           text39       003342
__ptext4                                            text4        002C48
__ptext40                                           text40       0032C6
__ptext41                                           text41       0026B0
__ptext42                                           text42       002D04
__ptext43                                           text43       00358C
__ptext44                                           text44       00310A
__ptext45                                           text45       002FCC
__ptext46                                           text46       002378
__ptext47                                           text47       002A44
__ptext48                                           text48       001486
__ptext49                                           text49       001C4C
__ptext5                                            text5        00358A
__ptext50                                           text50       003242
__ptext51                                           text51       0033B8
__ptext52                                           text52       003582
__ptext6                                            text6        003040
__ptext7                                            text7        002EE0
__ptext8                                            text8        003550
__ptext9                                            text9        0034D0
__ramtop                                            ramtop       001000
__smallconst                                        smallconst   001000
_bpm                                                bssBANK0     0000D0
_bpm@heart$F1514                                    bssBANK0     0000C8
_currentTime                                        bssBANK0     0000D2
_currentTime@heart$F1513                            bssBANK0     0000CA
_dbuf                                               bssBANK1     000100
_eusartRxLastError                                  bssBANK0     0000DA
_flags                                              bssCOMRAM    00005D
_fputc                                              text4        002C48
_lastTime                                           bssBANK0     0000D4
_lastTime@heart$F1512                               bssBANK0     0000CC
_main                                               text0        001FE6
_overflow_count                                     bssCOMRAM    00005B
_prec                                               bssBANK0     0000C6
_putch                                              text5        00358A
_sprintf                                            text1        003286
_vfpfcnvrt                                          text3        00252C
_vfprintf                                           text2        0031FE
_width                                              bssBANK0     0000C4
btemp                                               temp         00005E
end_of_initialization                               cinit        00346A
fputc@c                                             cstackBANK0  00006C
fputc@fp                                            cstackBANK0  00006E
i2ADC_GetConversion@channel                         cstackCOMRAM 000005
i2_ADC_GetConversion                                text50       003242
i2___fldiv                                          text49       001C4C
i2___fldiv@a                                        cstackCOMRAM 000013
i2___fldiv@aexp                                     cstackCOMRAM 000027
i2___fldiv@b                                        cstackCOMRAM 00000F
i2___fldiv@bexp                                     cstackCOMRAM 000026
i2___fldiv@grs                                      cstackCOMRAM 000022
i2___fldiv@new_exp                                  cstackCOMRAM 000020
i2___fldiv@rem                                      cstackCOMRAM 00001B
i2___fldiv@sign                                     cstackCOMRAM 00001F
i2___flmul                                          text48       001486
i2___flmul@a                                        cstackCOMRAM 00002C
i2___flmul@aexp                                     cstackCOMRAM 000039
i2___flmul@b                                        cstackCOMRAM 000028
i2___flmul@bexp                                     cstackCOMRAM 00003A
i2___flmul@grs                                      cstackCOMRAM 000035
i2___flmul@prod                                     cstackCOMRAM 00003B
i2___flmul@sign                                     cstackCOMRAM 000034
i2___flmul@temp                                     cstackCOMRAM 00003F
i2___fltol                                          text47       002A44
i2___fltol@exp1                                     cstackCOMRAM 00004A
i2___fltol@f1                                       cstackCOMRAM 000041
i2___fltol@sign1                                    cstackCOMRAM 000049
i2___lwdiv                                          text45       002FCC
i2___lwdiv@counter                                  cstackCOMRAM 000005
i2___lwdiv@dividend                                 cstackCOMRAM 000001
i2___lwdiv@divisor                                  cstackCOMRAM 000003
i2___lwdiv@quotient                                 cstackCOMRAM 000006
i2___lwmod                                          text44       00310A
i2___lwmod@counter                                  cstackCOMRAM 000005
i2___lwmod@dividend                                 cstackCOMRAM 000001
i2___lwmod@divisor                                  cstackCOMRAM 000003
i2___xxtofl                                         text46       002378
i2___xxtofl@arg                                     cstackCOMRAM 00000B
i2___xxtofl@exp                                     cstackCOMRAM 00000A
i2___xxtofl@sign                                    cstackCOMRAM 000009
i2___xxtofl@val                                     cstackCOMRAM 000001
i2_fputc                                            text42       002D04
i2_putch                                            text43       00358C
i2_sprintf                                          text39       003342
i2_vfpfcnvrt                                        text41       0026B0
i2_vfprintf                                         text40       0032C6
i2fputc@c                                           cstackCOMRAM 000001
i2fputc@fp                                          cstackCOMRAM 000003
i2sprintf@ap                                        cstackCOMRAM 00001C
i2sprintf@f                                         cstackCOMRAM 00001D
i2sprintf@fmt                                       cstackCOMRAM 000019
i2sprintf@s                                         cstackCOMRAM 000017
i2vfpfcnvrt@ap                                      cstackCOMRAM 00000B
i2vfpfcnvrt@c                                       cstackCOMRAM 000012
i2vfpfcnvrt@convarg                                 cstackCOMRAM 00000D
i2vfpfcnvrt@cp                                      cstackCOMRAM 000011
i2vfpfcnvrt@fmt                                     cstackCOMRAM 00000A
i2vfpfcnvrt@fp                                      cstackCOMRAM 000009
i2vfprintf@ap                                       cstackCOMRAM 000015
i2vfprintf@cfmt                                     cstackCOMRAM 000016
i2vfprintf@fmt                                      cstackCOMRAM 000014
i2vfprintf@fp                                       cstackCOMRAM 000013
int$flags                                           temp         00005E
intlevel0                                           text         000000
intlevel1                                           text         000000
intlevel2                                           text         000000
intlevel3                                           text         000000
isa$std                                             (abs)        000001
isa$xinst                                           (abs)        000000
main@adcValue                                       cstackBANK1  00012C
main@bpm                                            cstackBANK1  000132
main@bpmstr                                         cstackBANK1  000126
main@res                                            cstackBANK1  00012E
main@str                                            cstackBANK1  000120
main@temp                                           cstackBANK1  000130
sprintf@ap                                          cstackBANK0  000087
sprintf@f                                           cstackBANK0  000088
sprintf@fmt                                         cstackBANK0  000084
sprintf@s                                           cstackBANK0  000082
stackhi                                             (abs)        000000
stacklo                                             (abs)        000000
start                                               init         000072
start_initialization                                cinit        00344C
ttemp5                                              temp         00005F
ttemp6                                              temp         000062
ttemp7                                              temp         000066
vfpfcnvrt@ap                                        cstackBANK0  000076
vfpfcnvrt@c                                         cstackBANK0  00007D
vfpfcnvrt@convarg                                   cstackBANK0  000078
vfpfcnvrt@cp                                        cstackBANK0  00007C
vfpfcnvrt@fmt                                       cstackBANK0  000075
vfpfcnvrt@fp                                        cstackBANK0  000074
vfprintf@ap                                         cstackBANK0  000080
vfprintf@cfmt                                       cstackBANK0  000081
vfprintf@fmt                                        cstackBANK0  00007F
vfprintf@fp                                         cstackBANK0  00007E
wtemp8                                              temp         00005F


MODULE INFORMATION

Module		Function		Class		Link	Load	Size
C:\Program Files\Microchip\xc8\v2.46\pic\sources\c99\common\fltol.c
		___fltol       		CODE           	293C	0000	264

C:\Program Files\Microchip\xc8\v2.46\pic\sources\c99\common\fltol.c estimated size: 264

C:\Program Files\Microchip\xc8\v2.46\pic\sources\c99\common\nf_fputc.c
		_fputc         		CODE           	2C48	0000	188

C:\Program Files\Microchip\xc8\v2.46\pic\sources\c99\common\nf_fputc.c estimated size: 188

mcp23s09.c
		_MCP23S09_Init 		CODE           	3420	0000	44
		_MCP23S09_Write		CODE           	3474	0000	32

mcp23s09.c estimated size: 76

C:\Program Files\Microchip\xc8\v2.46\pic\sources\c99\common\lwdiv.c
		___lwdiv       		CODE           	2EE0	0000	118

C:\Program Files\Microchip\xc8\v2.46\pic\sources\c99\common\lwdiv.c estimated size: 118

heart.c
		_Calculate_bpm 		CODE           	282C	0000	272
		_Heart_Init    		CODE           	3532	0000	16

heart.c estimated size: 288

C:\Program Files\Microchip\xc8\v2.46\pic\sources\c99\common\xxtofl.c
		___xxtofl      		CODE           	21C0	0000	440

C:\Program Files\Microchip\xc8\v2.46\pic\sources\c99\common\xxtofl.c estimated size: 440

mcc_generated_files/system/src/interrupt.c
		_INT0_SetInterruptHandler		CODE           	356E	0000	10
		_INT1_SetInterruptHandler		CODE           	3564	0000	10
		_INT2_SetInterruptHandler		CODE           	355A	0000	10
		_INTERRUPT_Initialize		CODE           	337E	0000	58

mcc_generated_files/system/src/interrupt.c estimated size: 88

C:\Program Files\Microchip\xc8\v2.46\pic\sources\c99\common\sprcmul.c
		___flmul       		CODE           	105A	0000	1068

C:\Program Files\Microchip\xc8\v2.46\pic\sources\c99\common\sprcmul.c estimated size: 1068

C:\Program Files\Microchip\xc8\v2.46\pic\sources\c99\common\sprcdiv.c
		___fldiv       		CODE           	18B0	0000	924

C:\Program Files\Microchip\xc8\v2.46\pic\sources\c99\common\sprcdiv.c estimated size: 924

mcc_generated_files/adc/src/adc.c
		_ADC_Initialize		CODE           	34EC	0000	24
		_ADC_GetConversion		CODE           	316E	0000	74

mcc_generated_files/adc/src/adc.c estimated size: 98

C:\Program Files\Microchip\xc8\v2.46\pic\sources\c99\common\doprnt.c
		_vfpfcnvrt     		CODE           	252C	0000	388
		_vfprintf      		CODE           	31FE	0000	68

C:\Program Files\Microchip\xc8\v2.46\pic\sources\c99\common\doprnt.c estimated size: 456

C:\Program Files\Microchip\xc8\v2.46\pic\sources\c99\common\nf_sprintf.c
		_sprintf       		CODE           	3286	0000	64

C:\Program Files\Microchip\xc8\v2.46\pic\sources\c99\common\nf_sprintf.c estimated size: 64

mcc_generated_files/system/src/pins.c
		_PIN_MANAGER_Initialize		CODE           	33F0	0000	48

mcc_generated_files/system/src/pins.c estimated size: 48

spi.c
		_SPI_Write     		CODE           	3504	0000	24
		_SPI_Init      		CODE           	3542	0000	14

spi.c estimated size: 38

shared
		i2_vfpfcnvrt   		CODE           	26B0	0000	380
		i2_putch       		CODE           	358C	0000	2
		i2___lwdiv     		CODE           	2FCC	0000	116
		i2_vfprintf    		CODE           	32C6	0000	64
		i2___fldiv     		CODE           	1C4C	0000	922
		i2___lwmod     		CODE           	310A	0000	100
		i2___fltol     		CODE           	2A44	0000	262
		__initialization		CODE           	344C	0000	30
		_UART1         		SMALLCONST     	1001	0000	48
		i2___flmul     		CODE           	1486	0000	1066
		i2_sprintf     		CODE           	3342	0000	60
		i2___xxtofl    		CODE           	2378	0000	436
		i2_ADC_GetConversion		CODE           	3242	0000	68
		i2_fputc       		CODE           	2D04	0000	186

shared estimated size: 3740

C:\Program Files\Microchip\xc8\v2.46\pic\sources\c99\common\putch.c
		_putch         		CODE           	358A	0000	2

C:\Program Files\Microchip\xc8\v2.46\pic\sources\c99\common\putch.c estimated size: 2

Timer0.c
		_Timer0_ISR    		CODE           	31B8	0000	70
		_Timer0_Initialize		CODE           	34D0	0000	28
		_Timer0_SetCallback		CODE           	3550	0000	10

Timer0.c estimated size: 108

lcd.c
		_LCD_Init      		CODE           	2DBE	0000	168
		_LCD_Command   		CODE           	2E66	0000	122
		_LCD_WriteString		CODE           	30A6	0000	100
		_LCD_WriteChar 		CODE           	2F56	0000	118

lcd.c estimated size: 508

mcc_generated_files/uart/src/eusart.c
		_EUSART_FramingErrorCallbackRegister		CODE           	34B2	0000	30
		_EUSART_OverrunErrorCallbackRegister		CODE           	3494	0000	30
		_EUSART_Write  		CODE           	3582	0000	8
		_EUSART_Initialize		CODE           	3306	0000	60
		_EUSART_WriteString		CODE           	33B8	0000	56

mcc_generated_files/uart/src/eusart.c estimated size: 184

C:\Program Files\Microchip\xc8\v2.46\pic\sources\c99\common\lwmod.c
		___lwmod       		CODE           	3040	0000	102

C:\Program Files\Microchip\xc8\v2.46\pic\sources\c99\common\lwmod.c estimated size: 102

mcc_generated_files/system/src/clock.c
		_CLOCK_Initialize		CODE           	3578	0000	10

mcc_generated_files/system/src/clock.c estimated size: 10

main.c
		_ISR           		CODE           	0008	0000	106
		_main          		CODE           	1FE6	0000	474
		_Timer0_UserCallback		CODE           	2B4A	0000	254

main.c estimated size: 834

mcc_generated_files/system/src/system.c
		_SYSTEM_Initialize		CODE           	351C	0000	22

mcc_generated_files/system/src/system.c estimated size: 22

